Archive member included to satisfy reference by file (symbol)

app/libapp.a(main.c.obj)      (--whole-archive)
app/libapp.a(cdc_link.c.obj)  (--whole-archive)
app/libapp.a(uart_link.c.obj)
                              (--whole-archive)
app/libapp.a(bridge.c.obj)    (--whole-archive)
app/libapp.a(verb_frame.c.obj)
                              (--whole-archive)
app/libapp.a(dongle_ctrl.c.obj)
                              (--whole-archive)
app/libapp.a(sys_health.c.obj)
                              (--whole-archive)
zephyr/libzephyr.a(heap.c.obj)
                              (--whole-archive)
zephyr/libzephyr.a(cbprintf_packaged.c.obj)
                              (--whole-archive)
zephyr/libzephyr.a(printk.c.obj)
                              (--whole-archive)
zephyr/libzephyr.a(sem.c.obj)
                              (--whole-archive)
zephyr/libzephyr.a(thread_entry.c.obj)
                              (--whole-archive)
zephyr/libzephyr.a(cbprintf_complete.c.obj)
                              (--whole-archive)
zephyr/libzephyr.a(assert.c.obj)
                              (--whole-archive)
zephyr/libzephyr.a(mpsc_pbuf.c.obj)
                              (--whole-archive)
zephyr/libzephyr.a(reboot.c.obj)
                              (--whole-archive)
zephyr/libzephyr.a(dec.c.obj)
                              (--whole-archive)
zephyr/libzephyr.a(hex.c.obj)
                              (--whole-archive)
zephyr/libzephyr.a(rb.c.obj)  (--whole-archive)
zephyr/libzephyr.a(timeutil.c.obj)
                              (--whole-archive)
zephyr/libzephyr.a(bitarray.c.obj)
                              (--whole-archive)
zephyr/libzephyr.a(onoff.c.obj)
                              (--whole-archive)
zephyr/libzephyr.a(notify.c.obj)
                              (--whole-archive)
zephyr/libzephyr.a(ring_buffer.c.obj)
                              (--whole-archive)
zephyr/libzephyr.a(last_section_id.c.obj)
                              (--whole-archive)
zephyr/libzephyr.a(configs.c.obj)
                              (--whole-archive)
zephyr/libzephyr.a(log_core.c.obj)
                              (--whole-archive)
zephyr/libzephyr.a(log_mgmt.c.obj)
                              (--whole-archive)
zephyr/libzephyr.a(log_cache.c.obj)
                              (--whole-archive)
zephyr/libzephyr.a(log_msg.c.obj)
                              (--whole-archive)
zephyr/libzephyr.a(log_output.c.obj)
                              (--whole-archive)
zephyr/libzephyr.a(log_backend_rtt.c.obj)
                              (--whole-archive)
zephyr/libzephyr.a(mem_attr.c.obj)
                              (--whole-archive)
zephyr/libzephyr.a(tracing_none.c.obj)
                              (--whole-archive)
zephyr/libzephyr.a(usb_device.c.obj)
                              (--whole-archive)
zephyr/libzephyr.a(usb_descriptor.c.obj)
                              (--whole-archive)
zephyr/libzephyr.a(usb_transfer.c.obj)
                              (--whole-archive)
zephyr/libzephyr.a(cdc_acm.c.obj)
                              (--whole-archive)
zephyr/libzephyr.a(usb_work_q.c.obj)
                              (--whole-archive)
zephyr/libzephyr.a(banner.c.obj)
                              (--whole-archive)
zephyr/libzephyr.a(flash_map_partition_manager.c.obj)
                              (--whole-archive)
zephyr/libzephyr.a(nrf_cc3xx_platform_abort_zephyr.c.obj)
                              (--whole-archive)
zephyr/libzephyr.a(nrf_cc3xx_platform_mutex_zephyr.c.obj)
                              (--whole-archive)
zephyr/arch/common/libarch__common.a(sw_isr_common.c.obj)
                              (--whole-archive)
zephyr/arch/arch/arm/core/libarch__arm__core.a(fatal.c.obj)
                              (--whole-archive)
zephyr/arch/arch/arm/core/libarch__arm__core.a(nmi.c.obj)
                              (--whole-archive)
zephyr/arch/arch/arm/core/libarch__arm__core.a(nmi_on_reset.S.obj)
                              (--whole-archive)
zephyr/arch/arch/arm/core/libarch__arm__core.a(tls.c.obj)
                              (--whole-archive)
zephyr/arch/arch/arm/core/cortex_m/libarch__arm__core__cortex_m.a(exc_exit.c.obj)
                              (--whole-archive)
zephyr/arch/arch/arm/core/cortex_m/libarch__arm__core__cortex_m.a(fault.c.obj)
                              (--whole-archive)
zephyr/arch/arch/arm/core/cortex_m/libarch__arm__core__cortex_m.a(fault_s.S.obj)
                              (--whole-archive)
zephyr/arch/arch/arm/core/cortex_m/libarch__arm__core__cortex_m.a(fpu.c.obj)
                              (--whole-archive)
zephyr/arch/arch/arm/core/cortex_m/libarch__arm__core__cortex_m.a(reset.S.obj)
                              (--whole-archive)
zephyr/arch/arch/arm/core/cortex_m/libarch__arm__core__cortex_m.a(scb.c.obj)
                              (--whole-archive)
zephyr/arch/arch/arm/core/cortex_m/libarch__arm__core__cortex_m.a(thread_abort.c.obj)
[...]
Memory Configuration

Name             Origin             Length             Attributes
FLASH            0x0000000000027000 0x00000000000c5000 xr
RAM              0x0000000020000000 0x0000000000040000 xw
IDT_LIST         0x00000000ffff7fff 0x0000000000008000 xw
*default*        0x0000000000000000 0xffffffffffffffff

Linker script and memory map

                0x0000000000034214                vfprintf = __l_vfprintf
                0x0000000000000000                vfscanf = __l_vfscanf
LOAD zephyr/CMakeFiles/zephyr_pre0.dir/misc/empty_file.c.obj
LOAD zephyr/CMakeFiles/offsets.dir/./arch/arm/core/offsets/offsets.c.obj
LOAD app/libapp.a
LOAD zephyr/libzephyr.a
LOAD zephyr/arch/common/libarch__common.a
LOAD zephyr/arch/arch/arm/core/libarch__arm__core.a
LOAD zephyr/arch/arch/arm/core/cortex_m/libarch__arm__core__cortex_m.a
LOAD zephyr/arch/arch/arm/core/mpu/libarch__arm__core__mpu.a
LOAD zephyr/lib/libc/picolibc/liblib__libc__picolibc.a
LOAD zephyr/lib/libc/common/liblib__libc__common.a
LOAD zephyr/soc/soc/nrf52840/libsoc__nordic.a
LOAD zephyr/drivers/usb/device/libdrivers__usb__device.a
LOAD zephyr/drivers/usb/common/nrf_usbd_common/libdrivers__usb__common__nrf_usbd_common.a
LOAD zephyr/drivers/clock_control/libdrivers__clock_control.a
LOAD zephyr/drivers/console/libdrivers__console.a
LOAD zephyr/drivers/gpio/libdrivers__gpio.a
LOAD zephyr/drivers/hwinfo/libdrivers__hwinfo.a
LOAD zephyr/drivers/pinctrl/libdrivers__pinctrl.a
LOAD zephyr/drivers/serial/libdrivers__serial.a
LOAD zephyr/drivers/timer/libdrivers__timer.a
LOAD modules/nrf/drivers/hw_cc3xx/lib..__nrf__drivers__hw_cc3xx.a
LOAD modules/hal_nordic/modules/hal_nordic/nrfx/libmodules__hal_nordic__nrfx.a
LOAD modules/segger/libmodules__segger.a
LOAD zephyr/kernel/libkernel.a
LOAD zephyr/arch/common/libisr_tables.a
LOAD /opt/nordic/ncs/v3.1.0/nrfxlib/crypto/nrf_cc310_platform/lib/cortex-m4/soft-float/no-interrupts/libnrf_cc310_platform_0.9.19.a
LOAD /opt/nordic/ncs/toolchains/5c0d382932/opt/zephyr-sdk/arm-zephyr-eabi/bin/../lib/gcc/../../picolibc/arm-zephyr-eabi/lib/thumb/v7e-m/nofp/libc.a
LOAD /opt/nordic/ncs/toolchains/5c0d382932/opt/zephyr-sdk/arm-zephyr-eabi/bin/../lib/gcc/arm-zephyr-eabi/12.2.0/thumb/v7e-m/nofp/libgcc.a
                0x0000000000000020                _region_min_align = 0x20

.rel.plt        0x0000000000027000        0x0
 *(SORT_BY_ALIGNMENT(.rel.plt))
                [!provide]                        PROVIDE (__rel_iplt_start = .)
 *(SORT_BY_ALIGNMENT(.rel.iplt))
 .rel.iplt      0x0000000000027000        0x0 app/libapp.a(main.c.obj)
                [!provide]                        PROVIDE (__rel_iplt_end = .)

.rela.plt       0x0000000000000000        0x0
 *(SORT_BY_ALIGNMENT(.rela.plt))
                [!provide]                        PROVIDE (__rela_iplt_start = .)
 *(SORT_BY_ALIGNMENT(.rela.iplt))
                [!provide]                        PROVIDE (__rela_iplt_end = .)

.rel.dyn
 *(SORT_BY_ALIGNMENT(.rel.*))

.rela.dyn
 *(SORT_BY_ALIGNMENT(.rela.*))

/DISCARD/
 *(SORT_BY_ALIGNMENT(.plt))

/DISCARD/
 *(SORT_BY_ALIGNMENT(.iplt))
                0x0000000000027000                __rom_region_start = 0x27000

rom_start       0x0000000000027000      0x100
                0x0000000000027000                __rom_start_address = .
 FILL mask 0x00
                0x0000000000027000                . = (. + (0x0 - (. - __rom_start_address)))
                0x0000000000027000                . = ALIGN (0x4)
                0x0000000000027000                . = ALIGN (0x80)
                0x0000000000027000                . = ALIGN (0x100)
                0x0000000000027000                _vector_start = .
 *(SORT_BY_ALIGNMENT(.exc_vector_table))
 *(SORT_BY_ALIGNMENT(.exc_vector_table.*))
 .exc_vector_table._vector_table_section
                0x0000000000027000       0x40 zephyr/arch/arch/arm/core/cortex_m/libarch__arm__core__cortex_m.a(vector_table.S.obj)
                0x0000000000027000                _vector_table
 *(SORT_BY_ALIGNMENT(.vectors))
                0x0000000000027100                _vector_end = .
                0x0000000000027040                . = ALIGN (0x4)
 *(SORT_BY_ALIGNMENT(.gnu.linkonce.irq_vector_table*))
 .gnu.linkonce.irq_vector_table
                0x0000000000027040       0xc0 zephyr/arch/common/libisr_tables.a(isr_tables.c.obj)
                0x0000000000027040                _irq_vector_table
                0x0000000000027100                _vector_end = .

text            0x0000000000027100     0xefe0
                0x0000000000027100                __text_region_start = .
 *(SORT_BY_ALIGNMENT(.text))
 .text          0x0000000000027100       0x30 /opt/nordic/ncs/toolchains/5c0d382932/opt/zephyr-sdk/arm-zephyr-eabi/bin/../lib/gcc/arm-zephyr-eabi/12.2.0/thumb/v7e-m/nofp/libgcc.a(_aeabi_uldivmod.o)
                0x0000000000027100                __aeabi_uldivmod
 .text          0x0000000000027130        0x4 /opt/nordic/ncs/toolchains/5c0d382932/opt/zephyr-sdk/arm-zephyr-eabi/bin/../lib/gcc/arm-zephyr-eabi/12.2.0/thumb/v7e-m/nofp/libgcc.a(_dvmd_tls.o)
                0x0000000000027130                __aeabi_ldiv0
                0x0000000000027130                __aeabi_idiv0
 .text          0x0000000000027134       0x10 /opt/nordic/ncs/toolchains/5c0d382932/opt/zephyr-sdk/arm-zephyr-eabi/bin/../lib/gcc/../../picolibc/arm-zephyr-eabi/lib/thumb/v7e-m/nofp/libc.a(strlen.S.o)
                0x0000000000027134                strlen
 .text          0x0000000000027144      0x2a0 /opt/nordic/ncs/toolchains/5c0d382932/opt/zephyr-sdk/arm-zephyr-eabi/bin/../lib/gcc/arm-zephyr-eabi/12.2.0/thumb/v7e-m/nofp/libgcc.a(_udivmoddi4.o)
                0x0000000000027144                __udivmoddi4
 *(SORT_BY_ALIGNMENT(.text.*))
 .text.main     0x00000000000273e4      0x174 app/libapp.a(main.c.obj)
                0x00000000000273e4                main
 .text.cdc_isr  0x0000000000027558       0xd0 app/libapp.a(cdc_link.c.obj)
 .text.cdc_link_init
                0x0000000000027628       0x80 app/libapp.a(cdc_link.c.obj)
                0x0000000000027628                cdc_link_init
 .text.cdc_link_read
                0x00000000000276a8       0x44 app/libapp.a(cdc_link.c.obj)
                0x00000000000276a8                cdc_link_read
 .text.uart_cb  0x00000000000276ec       0x24 app/libapp.a(uart_link.c.obj)
 .text.uart_link_init
                0x0000000000027710       0x74 app/libapp.a(uart_link.c.obj)
                0x0000000000027710                uart_link_init
 .text.uart_link_state
                0x0000000000027784        0xc app/libapp.a(uart_link.c.obj)
                0x0000000000027784                uart_link_state
 .text.bridge_counters_get
                0x0000000000027790       0x14 app/libapp.a(bridge.c.obj)
                0x0000000000027790                bridge_counters_get
 .text.bridge_init
                0x00000000000277a4       0x30 app/libapp.a(bridge.c.obj)
                0x00000000000277a4                bridge_init
 .text.dongle_ctrl_init
                0x00000000000277d4       0x58 app/libapp.a(dongle_ctrl.c.obj)
                0x00000000000277d4                dongle_ctrl_init
 .text.dongle_ctrl_fill_status
                0x000000000002782c       0x74 app/libapp.a(dongle_ctrl.c.obj)
                0x000000000002782c                dongle_ctrl_fill_status
 .text.sys_health_reset_cause
                0x00000000000278a0        0xc app/libapp.a(sys_health.c.obj)
                0x00000000000278a0                sys_health_reset_cause
 .text.sys_health_was_watchdog_reset
                0x00000000000278ac       0x10 app/libapp.a(sys_health.c.obj)
                0x00000000000278ac                sys_health_was_watchdog_reset
 .text.sys_health_init
                0x00000000000278bc       0xa8 app/libapp.a(sys_health.c.obj)
                0x00000000000278bc                sys_health_init
 .text.sys_health_prev_mode
                0x0000000000027964        0xc app/libapp.a(sys_health.c.obj)
                0x0000000000027964                sys_health_prev_mode
 .text.sys_health_prev_fault
                0x0000000000027970        0xc app/libapp.a(sys_health.c.obj)
                0x0000000000027970                sys_health_prev_fault
 .text.sys_heap_free
                0x000000000002797c       0x9c zephyr/libzephyr.a(heap.c.obj)
                0x000000000002797c                sys_heap_free
 .text.sys_heap_init
                0x0000000000027a18      0x134 zephyr/libzephyr.a(heap.c.obj)
                0x0000000000027a18                sys_heap_init
 .text.cbvprintf_package
                0x0000000000027b4c      0x438 zephyr/libzephyr.a(cbprintf_packaged.c.obj)
                0x0000000000027b4c                cbvprintf_package
 .text.cbprintf_package_convert
                0x0000000000027f84      0x474 zephyr/libzephyr.a(cbprintf_packaged.c.obj)
                0x0000000000027f84                cbprintf_package_convert
 .text.__printk_hook_install
                0x00000000000283f8        0xc zephyr/libzephyr.a(printk.c.obj)
                0x00000000000283f8                __printk_hook_install
 .text.z_thread_entry
                0x0000000000028404       0x34 zephyr/libzephyr.a(thread_entry.c.obj)
                0x0000000000028404                z_thread_entry
 .text.mpsc_pbuf_init
                0x0000000000028438       0x64 zephyr/libzephyr.a(mpsc_pbuf.c.obj)
                0x0000000000028438                mpsc_pbuf_init
 .text.mpsc_pbuf_alloc
                0x000000000002849c      0x188 zephyr/libzephyr.a(mpsc_pbuf.c.obj)
                0x000000000002849c                mpsc_pbuf_alloc
 .text.mpsc_pbuf_commit
                0x0000000000028624       0xb0 zephyr/libzephyr.a(mpsc_pbuf.c.obj)
                0x0000000000028624                mpsc_pbuf_commit
 .text.mpsc_pbuf_claim
                0x00000000000286d4      0x110 zephyr/libzephyr.a(mpsc_pbuf.c.obj)
                0x00000000000286d4                mpsc_pbuf_claim
 .text.mpsc_pbuf_free
                0x00000000000287e4       0xe4 zephyr/libzephyr.a(mpsc_pbuf.c.obj)
                0x00000000000287e4                mpsc_pbuf_free
 .text.mpsc_pbuf_is_pending
                0x00000000000288c8       0xa4 zephyr/libzephyr.a(mpsc_pbuf.c.obj)
                0x00000000000288c8                mpsc_pbuf_is_pending
 .text.sys_reboot
                0x000000000002896c       0x2c zephyr/libzephyr.a(reboot.c.obj)
                0x000000000002896c                sys_reboot
 .text.process_event
                0x0000000000028998      0x3ac zephyr/libzephyr.a(onoff.c.obj)
 .text.transition_complete
                0x0000000000028d44       0x64 zephyr/libzephyr.a(onoff.c.obj)
 .text.onoff_request
                0x0000000000028da8      0x130 zephyr/libzephyr.a(onoff.c.obj)
                0x0000000000028da8                onoff_request
 .text.onoff_release
                0x0000000000028ed8       0xd8 zephyr/libzephyr.a(onoff.c.obj)
                0x0000000000028ed8                onoff_release
 .text.onoff_cancel
                0x0000000000028fb0       0xd4 zephyr/libzephyr.a(onoff.c.obj)
                0x0000000000028fb0                onoff_cancel
 .text.sys_notify_finalize
                0x0000000000029084       0x40 zephyr/libzephyr.a(notify.c.obj)
                0x0000000000029084                sys_notify_finalize
 .text.ring_buf_put
                0x00000000000290c4       0x64 zephyr/libzephyr.a(ring_buffer.c.obj)
                0x00000000000290c4                ring_buf_put
 .text.ring_buf_get
                0x0000000000029128       0x68 zephyr/libzephyr.a(ring_buffer.c.obj)
                0x0000000000029128                ring_buf_get
 .text.enable_logger
                0x0000000000029190       0x5c zephyr/libzephyr.a(log_core.c.obj)
 .text.activate_foreach_backend
                0x00000000000291ec       0x64 zephyr/libzephyr.a(log_core.c.obj)
 .text.z_log_init
                0x0000000000029250       0xe4 zephyr/libzephyr.a(log_core.c.obj)
 .text.log_process_thread_timer_expiry_fn
                0x0000000000029334        0xc zephyr/libzephyr.a(log_core.c.obj)
 .text.log_format_func_t_get
                0x0000000000029340        0xc zephyr/libzephyr.a(log_core.c.obj)
                0x0000000000029340                log_format_func_t_get
 .text.log_set_timestamp_func
                0x000000000002934c       0x20 zephyr/libzephyr.a(log_core.c.obj)
                0x000000000002934c                log_set_timestamp_func
 .text.z_log_notify_backend_enabled
                0x000000000002936c       0x1c zephyr/libzephyr.a(log_core.c.obj)
                0x000000000002936c                z_log_notify_backend_enabled
 .text.z_log_dropped
                0x0000000000029388       0x44 zephyr/libzephyr.a(log_core.c.obj)
                0x0000000000029388                z_log_dropped
 .text.z_log_dropped_read_and_clear
                0x00000000000293cc       0x20 zephyr/libzephyr.a(log_core.c.obj)
                0x00000000000293cc                z_log_dropped_read_and_clear
 .text.dropped_notify
                0x00000000000293ec       0x60 zephyr/libzephyr.a(log_core.c.obj)
                0x00000000000293ec                dropped_notify
 .text.z_log_msg_init
                0x000000000002944c       0x20 zephyr/libzephyr.a(log_core.c.obj)
                0x000000000002944c                z_log_msg_init
 .text.log_core_init
                0x000000000002946c       0x80 zephyr/libzephyr.a(log_core.c.obj)
                0x000000000002946c                log_core_init
 .text.z_log_msg_alloc
                0x00000000000294ec       0x10 zephyr/libzephyr.a(log_core.c.obj)
                0x00000000000294ec                z_log_msg_alloc
 .text.z_log_msg_local_claim
                0x00000000000294fc        0xc zephyr/libzephyr.a(log_core.c.obj)
                0x00000000000294fc                z_log_msg_local_claim
 .text.z_log_msg_free
                0x0000000000029508       0x10 zephyr/libzephyr.a(log_core.c.obj)
                0x0000000000029508                z_log_msg_free
 .text.z_log_msg_pending
                0x0000000000029518        0xc zephyr/libzephyr.a(log_core.c.obj)
                0x0000000000029518                z_log_msg_pending
 .text.z_impl_log_process
                0x0000000000029524       0xf0 zephyr/libzephyr.a(log_core.c.obj)
                0x0000000000029524                z_impl_log_process
 .text.z_impl_log_panic
                0x0000000000029614       0x74 zephyr/libzephyr.a(log_core.c.obj)
                0x0000000000029614                z_impl_log_panic
 .text.log_process_thread_func
                0x0000000000029688       0xf4 zephyr/libzephyr.a(log_core.c.obj)
 .text.z_log_msg_post_finalize
                0x000000000002977c       0xe4 zephyr/libzephyr.a(log_core.c.obj)
 .text.z_log_msg_commit
                0x0000000000029860       0x24 zephyr/libzephyr.a(log_core.c.obj)
                0x0000000000029860                z_log_msg_commit
 .text.log_source_name_get
                0x0000000000029884       0x1c zephyr/libzephyr.a(log_mgmt.c.obj)
                0x0000000000029884                log_source_name_get
 .text.z_impl_z_log_msg_static_create
                0x00000000000298a0      0x12c zephyr/libzephyr.a(log_msg.c.obj)
                0x00000000000298a0                z_impl_z_log_msg_static_create
 .text.z_log_msg_runtime_vcreate
                0x00000000000299cc       0xe0 zephyr/libzephyr.a(log_msg.c.obj)
                0x00000000000299cc                z_log_msg_runtime_vcreate
 .text.log_msg_get_source_id
                0x0000000000029aac       0x18 zephyr/libzephyr.a(log_msg.c.obj)
                0x0000000000029aac                log_msg_get_source_id
 .text.print_formatted
                0x0000000000029ac4       0x24 zephyr/libzephyr.a(log_output.c.obj)
 .text.newline_print
                0x0000000000029ae8       0x1c zephyr/libzephyr.a(log_output.c.obj)
 .text.out_func
                0x0000000000029b04       0x60 zephyr/libzephyr.a(log_output.c.obj)
 .text.log_output_process
                0x0000000000029b64      0x31c zephyr/libzephyr.a(log_output.c.obj)
                0x0000000000029b64                log_output_process
 .text.log_output_dropped_process
                0x0000000000029e80       0x58 zephyr/libzephyr.a(log_output.c.obj)
                0x0000000000029e80                log_output_dropped_process
 .text.log_output_timestamp_freq_set
                0x0000000000029ed8       0x2c zephyr/libzephyr.a(log_output.c.obj)
                0x0000000000029ed8                log_output_timestamp_freq_set
 .text.log_backend_rtt_init
                0x0000000000029f04        0xc zephyr/libzephyr.a(log_backend_rtt.c.obj)
 .text.format_set
                0x0000000000029f10        0xc zephyr/libzephyr.a(log_backend_rtt.c.obj)
 .text.dropped  0x0000000000029f1c        0xc zephyr/libzephyr.a(log_backend_rtt.c.obj)
 .text.process  0x0000000000029f28       0x24 zephyr/libzephyr.a(log_backend_rtt.c.obj)
 .text.panic    0x0000000000029f4c       0x34 zephyr/libzephyr.a(log_backend_rtt.c.obj)
 .text.on_failed_write
                0x0000000000029f80       0x28 zephyr/libzephyr.a(log_backend_rtt.c.obj)
 .text.data_out
                0x0000000000029fa8       0x88 zephyr/libzephyr.a(log_backend_rtt.c.obj)
 .text.mem_attr_get_regions
                0x000000000002a030        0xc zephyr/libzephyr.a(mem_attr.c.obj)
                0x000000000002a030                mem_attr_get_regions
 .text.disable_endpoint
                0x000000000002a03c       0x2c zephyr/libzephyr.a(usb_device.c.obj)
 .text.custom_handler
                0x000000000002a068       0x94 zephyr/libzephyr.a(usb_device.c.obj)
 .text.class_handler
                0x000000000002a0fc       0x78 zephyr/libzephyr.a(usb_device.c.obj)
 .text.usb_reset_alt_setting
                0x000000000002a174       0x10 zephyr/libzephyr.a(usb_device.c.obj)
 .text.vendor_handler
                0x000000000002a184       0x6c zephyr/libzephyr.a(usb_device.c.obj)
 .text.is_ep_valid
                0x000000000002a1f0       0x6c zephyr/libzephyr.a(usb_device.c.obj)
 .text.usb_halt_endpoint_req
                0x000000000002a25c       0x58 zephyr/libzephyr.a(usb_device.c.obj)
 .text.usb_handle_request.constprop.0
                0x000000000002a2b4       0x2c zephyr/libzephyr.a(usb_device.c.obj)
 .text.forward_status_cb
                0x000000000002a2e0       0xf8 zephyr/libzephyr.a(usb_device.c.obj)
 .text.set_endpoint
                0x000000000002a3d8       0x84 zephyr/libzephyr.a(usb_device.c.obj)
 .text.usb_handle_standard_request
                0x000000000002a45c      0x2f4 zephyr/libzephyr.a(usb_device.c.obj)
 .text.usb_data_to_host
                0x000000000002a750       0x60 zephyr/libzephyr.a(usb_device.c.obj)
 .text.usb_handle_control_transfer
                0x000000000002a7b0      0x100 zephyr/libzephyr.a(usb_device.c.obj)
 .text.usb_set_config
                0x000000000002a8b0       0x2c zephyr/libzephyr.a(usb_device.c.obj)
                0x000000000002a8b0                usb_set_config
 .text.usb_enable
                0x000000000002a8dc      0x16c zephyr/libzephyr.a(usb_device.c.obj)
                0x000000000002a8dc                usb_enable
 .text.usb_update_sn_string_descriptor
                0x000000000002aa48       0x88 zephyr/libzephyr.a(usb_descriptor.c.obj)
                0x000000000002aa48                usb_update_sn_string_descriptor
 .text.usb_get_device_descriptor
                0x000000000002aad0      0x260 zephyr/libzephyr.a(usb_descriptor.c.obj)
                0x000000000002aad0                usb_get_device_descriptor
 .text.usb_ep_get_transfer
                0x000000000002ad30       0x2c zephyr/libzephyr.a(usb_transfer.c.obj)
 .text.usb_transfer_work
                0x000000000002ad5c      0x100 zephyr/libzephyr.a(usb_transfer.c.obj)
 .text.usb_transfer_ep_callback
                0x000000000002ae5c       0x5c zephyr/libzephyr.a(usb_transfer.c.obj)
                0x000000000002ae5c                usb_transfer_ep_callback
 .text.usb_transfer
                0x000000000002aeb8       0xe0 zephyr/libzephyr.a(usb_transfer.c.obj)
                0x000000000002aeb8                usb_transfer
 .text.usb_cancel_transfer
                0x000000000002af98       0x3c zephyr/libzephyr.a(usb_transfer.c.obj)
                0x000000000002af98                usb_cancel_transfer
 .text.usb_cancel_transfers
                0x000000000002afd4       0x44 zephyr/libzephyr.a(usb_transfer.c.obj)
                0x000000000002afd4                usb_cancel_transfers
 .text.usb_transfer_init
                0x000000000002b018       0x34 zephyr/libzephyr.a(usb_transfer.c.obj)
                0x000000000002b018                usb_transfer_init
 .text.cdc_acm_irq_rx_enable
                0x000000000002b04c       0x20 zephyr/libzephyr.a(cdc_acm.c.obj)
 .text.cdc_acm_irq_tx_enable
                0x000000000002b06c       0x20 zephyr/libzephyr.a(cdc_acm.c.obj)
 .text.cdc_acm_fifo_fill
                0x000000000002b08c       0x3c zephyr/libzephyr.a(cdc_acm.c.obj)
 .text.cdc_acm_write_cb
                0x000000000002b0c8       0x54 zephyr/libzephyr.a(cdc_acm.c.obj)
 .text.cdc_acm_class_handle_req
                0x000000000002b11c       0x64 zephyr/libzephyr.a(cdc_acm.c.obj)
                0x000000000002b11c                cdc_acm_class_handle_req
 .text.cdc_acm_int_in
                0x000000000002b180       0x18 zephyr/libzephyr.a(cdc_acm.c.obj)
 .text.cdc_acm_reset_port
                0x000000000002b198       0x3c zephyr/libzephyr.a(cdc_acm.c.obj)
 .text.cdc_acm_init
                0x000000000002b1d4       0x48 zephyr/libzephyr.a(cdc_acm.c.obj)
 .text.cdc_acm_send_notification.isra.0
                0x000000000002b21c       0x44 zephyr/libzephyr.a(cdc_acm.c.obj)
 .text.cdc_acm_poll_out
                0x000000000002b260       0x70 zephyr/libzephyr.a(cdc_acm.c.obj)
 .text.tx_work_handler
                0x000000000002b2d0       0x78 zephyr/libzephyr.a(cdc_acm.c.obj)
 .text.cdc_acm_read_cb
                0x000000000002b348       0x74 zephyr/libzephyr.a(cdc_acm.c.obj)
 .text.cdc_acm_dev_status_cb
                0x000000000002b3bc       0x84 zephyr/libzephyr.a(cdc_acm.c.obj)
 .text.z_usb_work_q_init
                0x000000000002b440       0x34 zephyr/libzephyr.a(usb_work_q.c.obj)
 .text.boot_banner
                0x000000000002b474       0x1c zephyr/libzephyr.a(banner.c.obj)
                0x000000000002b474                boot_banner
 .text.nrf_cc3xx_platform_abort_init
                0x000000000002b490        0xc zephyr/libzephyr.a(nrf_cc3xx_platform_abort_zephyr.c.obj)
                0x000000000002b490                nrf_cc3xx_platform_abort_init
 .text.mutex_free_platform
                0x000000000002b49c       0x54 zephyr/libzephyr.a(nrf_cc3xx_platform_mutex_zephyr.c.obj)
 .text.mutex_lock_platform
                0x000000000002b4f0       0x60 zephyr/libzephyr.a(nrf_cc3xx_platform_mutex_zephyr.c.obj)
 .text.mutex_unlock_platform
                0x000000000002b550       0x58 zephyr/libzephyr.a(nrf_cc3xx_platform_mutex_zephyr.c.obj)
 .text.mutex_init_platform
                0x000000000002b5a8       0x94 zephyr/libzephyr.a(nrf_cc3xx_platform_mutex_zephyr.c.obj)
 .text.nrf_cc3xx_platform_mutex_init
                0x000000000002b63c       0x2c zephyr/libzephyr.a(nrf_cc3xx_platform_mutex_zephyr.c.obj)
                0x000000000002b63c                nrf_cc3xx_platform_mutex_init
 .text.z_arm_fatal_error
                0x000000000002b668       0xb8 zephyr/arch/arch/arm/core/libarch__arm__core.a(fatal.c.obj)
                0x000000000002b668                z_arm_fatal_error
 .text.z_SysNmiOnReset
                0x000000000002b720        0x8 zephyr/arch/arch/arm/core/libarch__arm__core.a(nmi_on_reset.S.obj)
                0x000000000002b720                z_SysNmiOnReset
 .text.arch_tls_stack_setup
                0x000000000002b728       0x40 zephyr/arch/arch/arm/core/libarch__arm__core.a(tls.c.obj)
                0x000000000002b728                arch_tls_stack_setup
 .text._HandlerModeExit
                0x000000000002b768       0x20 zephyr/arch/arch/arm/core/cortex_m/libarch__arm__core__cortex_m.a(exc_exit.c.obj)
                0x000000000002b768                z_arm_exc_exit
                0x000000000002b768                z_arm_int_exit
 .text.bus_fault.constprop.0
                0x000000000002b788       0xd0 zephyr/arch/arch/arm/core/cortex_m/libarch__arm__core__cortex_m.a(fault.c.obj)
 .text.usage_fault.constprop.0
                0x000000000002b858       0xa8 zephyr/arch/arch/arm/core/cortex_m/libarch__arm__core__cortex_m.a(fault.c.obj)
 .text.mem_manage_fault
                0x000000000002b900      0x138 zephyr/arch/arch/arm/core/cortex_m/libarch__arm__core__cortex_m.a(fault.c.obj)
 .text.z_arm_fault
                0x000000000002ba38      0x238 zephyr/arch/arch/arm/core/cortex_m/libarch__arm__core__cortex_m.a(fault.c.obj)
                0x000000000002ba38                z_arm_fault
 .text.z_arm_fault_init
                0x000000000002bc70       0x18 zephyr/arch/arch/arm/core/cortex_m/libarch__arm__core__cortex_m.a(fault.c.obj)
                0x000000000002bc70                z_arm_fault_init
 .text.__fault  0x000000000002bc88       0x14 zephyr/arch/arch/arm/core/cortex_m/libarch__arm__core__cortex_m.a(fault_s.S.obj)
                0x000000000002bc88                z_arm_bus_fault
                0x000000000002bc88                z_arm_usage_fault
                0x000000000002bc88                z_arm_mpu_fault
                0x000000000002bc88                z_arm_exc_spurious
                0x000000000002bc88                z_arm_debug_monitor
                0x000000000002bc88                z_arm_hard_fault
 .text._reset_section
                0x000000000002bc9c       0x54 zephyr/arch/arch/arm/core/cortex_m/libarch__arm__core__cortex_m.a(reset.S.obj)
                0x000000000002bc9c                z_arm_reset
                0x000000000002bc9c                __start
 .text.z_arm_clear_arm_mpu_config
                0x000000000002bcf0       0x24 zephyr/arch/arch/arm/core/cortex_m/libarch__arm__core__cortex_m.a(scb.c.obj)
                0x000000000002bcf0                z_arm_clear_arm_mpu_config
 .text.z_arm_init_arch_hw_at_boot
                0x000000000002bd14       0x64 zephyr/arch/arch/arm/core/cortex_m/libarch__arm__core__cortex_m.a(scb.c.obj)
                0x000000000002bd14                z_arm_init_arch_hw_at_boot
 .text.z_impl_k_thread_abort
                0x000000000002bd78       0x2c zephyr/arch/arch/arm/core/cortex_m/libarch__arm__core__cortex_m.a(thread_abort.c.obj)
                0x000000000002bd78                z_impl_k_thread_abort
 .text.z_arm_pendsv
                0x000000000002bda4       0x64 zephyr/arch/arch/arm/core/cortex_m/libarch__arm__core__cortex_m.a(swap_helper.S.obj)
                0x000000000002bda4                z_arm_pendsv
 .text.z_arm_svc
                0x000000000002be08       0x24 zephyr/arch/arch/arm/core/cortex_m/libarch__arm__core__cortex_m.a(swap_helper.S.obj)
                0x000000000002be08                z_arm_svc
 .text.arm_irq_enable
                0x000000000002be2c       0x1c zephyr/arch/arch/arm/core/cortex_m/libarch__arm__core__cortex_m.a(irq_manage.c.obj)
                0x000000000002be2c                arm_irq_enable
 .text.arm_irq_disable
                0x000000000002be48       0x28 zephyr/arch/arch/arm/core/cortex_m/libarch__arm__core__cortex_m.a(irq_manage.c.obj)
                0x000000000002be48                arm_irq_disable
 .text.arm_irq_is_enabled
                0x000000000002be70       0x1c zephyr/arch/arch/arm/core/cortex_m/libarch__arm__core__cortex_m.a(irq_manage.c.obj)
                0x000000000002be70                arm_irq_is_enabled
 .text.arm_irq_priority_set
                0x000000000002be8c       0x68 zephyr/arch/arch/arm/core/cortex_m/libarch__arm__core__cortex_m.a(irq_manage.c.obj)
                0x000000000002be8c                arm_irq_priority_set
 .text.relocate_vector_table
                0x000000000002bef4       0x1c zephyr/arch/arch/arm/core/cortex_m/libarch__arm__core__cortex_m.a(prep_c.c.obj)
                0x000000000002bef4                relocate_vector_table
 .text.z_prep_c
                0x000000000002bf10       0x28 zephyr/arch/arch/arm/core/cortex_m/libarch__arm__core__cortex_m.a(prep_c.c.obj)
                0x000000000002bf10                z_prep_c
 .text.arch_new_thread
                0x000000000002bf38       0x38 zephyr/arch/arch/arm/core/cortex_m/libarch__arm__core__cortex_m.a(thread.c.obj)
                0x000000000002bf38                arch_new_thread
 .text.z_check_thread_stack_fail
                0x000000000002bf70       0x30 zephyr/arch/arch/arm/core/cortex_m/libarch__arm__core__cortex_m.a(thread.c.obj)
                0x000000000002bf70                z_check_thread_stack_fail
 .text.arch_switch_to_main_thread
                0x000000000002bfa0       0x40 zephyr/arch/arch/arm/core/cortex_m/libarch__arm__core__cortex_m.a(thread.c.obj)
                0x000000000002bfa0                arch_switch_to_main_thread
 .text.z_arm_cpu_idle_init
                0x000000000002bfe0        0xc zephyr/arch/arch/arm/core/cortex_m/libarch__arm__core__cortex_m.a(cpu_idle.c.obj)
                0x000000000002bfe0                z_arm_cpu_idle_init
 .text.z_arm_interrupt_init
                0x000000000002bfec       0x18 zephyr/arch/arch/arm/core/cortex_m/libarch__arm__core__cortex_m.a(irq_init.c.obj)
                0x000000000002bfec                z_arm_interrupt_init
 .text._isr_wrapper
                0x000000000002c004       0x24 zephyr/arch/arch/arm/core/cortex_m/libarch__arm__core__cortex_m.a(isr_wrapper.c.obj)
                0x000000000002c004                _isr_wrapper
 .text.z_arm_configure_static_mpu_regions
                0x000000000002c028       0x18 zephyr/arch/arch/arm/core/mpu/libarch__arm__core__mpu.a(arm_core_mpu.c.obj)
                0x000000000002c028                z_arm_configure_static_mpu_regions
 .text.z_arm_configure_dynamic_mpu_regions
                0x000000000002c040       0x24 zephyr/arch/arch/arm/core/mpu/libarch__arm__core__mpu.a(arm_core_mpu.c.obj)
                0x000000000002c040                z_arm_configure_dynamic_mpu_regions
 .text.region_allocate_and_init
                0x000000000002c064       0x54 zephyr/arch/arch/arm/core/mpu/libarch__arm__core__mpu.a(arm_mpu.c.obj)
 .text.mpu_configure_regions
                0x000000000002c0b8       0x68 zephyr/arch/arch/arm/core/mpu/libarch__arm__core__mpu.a(arm_mpu.c.obj)
 .text.arm_core_mpu_enable
                0x000000000002c120       0x18 zephyr/arch/arch/arm/core/mpu/libarch__arm__core__mpu.a(arm_mpu.c.obj)
                0x000000000002c120                arm_core_mpu_enable
 .text.arm_core_mpu_disable
                0x000000000002c138       0x14 zephyr/arch/arch/arm/core/mpu/libarch__arm__core__mpu.a(arm_mpu.c.obj)
                0x000000000002c138                arm_core_mpu_disable
 .text.arm_core_mpu_configure_static_mpu_regions
                0x000000000002c14c       0x4c zephyr/arch/arch/arm/core/mpu/libarch__arm__core__mpu.a(arm_mpu.c.obj)
                0x000000000002c14c                arm_core_mpu_configure_static_mpu_regions
 .text.arm_core_mpu_configure_dynamic_mpu_regions
                0x000000000002c198       0x6c zephyr/arch/arch/arm/core/mpu/libarch__arm__core__mpu.a(arm_mpu.c.obj)
                0x000000000002c198                arm_core_mpu_configure_dynamic_mpu_regions
 .text.z_arm_mpu_init
                0x000000000002c204      0x230 zephyr/arch/arch/arm/core/mpu/libarch__arm__core__mpu.a(arm_mpu.c.obj)
                0x000000000002c204                z_arm_mpu_init
 .text.cbvprintf
                0x000000000002c434       0x38 zephyr/lib/libc/picolibc/liblib__libc__picolibc.a(cbprintf.c.obj)
                0x000000000002c434                cbvprintf
 .text.z_impl_zephyr_fputc
                0x000000000002c46c       0x10 zephyr/lib/libc/picolibc/liblib__libc__picolibc.a(stdio.c.obj)
                0x000000000002c46c                z_impl_zephyr_fputc
 .text.__stdout_hook_install
                0x000000000002c47c       0x18 zephyr/lib/libc/picolibc/liblib__libc__picolibc.a(stdio.c.obj)
                0x000000000002c47c                __stdout_hook_install
 .text.malloc_prepare
                0x000000000002c494       0x24 zephyr/lib/libc/common/liblib__libc__common.a(malloc.c.obj)
 .text.nordicsemi_nrf52_init
                0x000000000002c4b8       0x44 zephyr/soc/soc/nrf52840/libsoc__nordic.a(soc.c.obj)
 .text.arch_busy_wait
                0x000000000002c4fc       0x14 zephyr/soc/soc/nrf52840/libsoc__nordic.a(soc.c.obj)
                0x000000000002c4fc                arch_busy_wait
 .text.sys_arch_reboot
                0x000000000002c510       0x24 zephyr/soc/soc/nrf52840/libsoc__nordic.a(reboot.c.obj)
                0x000000000002c510                sys_arch_reboot
 .text.endpoint_ctx
                0x000000000002c534       0x60 zephyr/drivers/usb/device/libdrivers__usb__device.a(usb_dc_nrfx.c.obj)
 .text.usbd_work_schedule
                0x000000000002c594       0x10 zephyr/drivers/usb/device/libdrivers__usb__device.a(usb_dc_nrfx.c.obj)
 .text.usbd_evt_put
                0x000000000002c5a4        0xc zephyr/drivers/usb/device/libdrivers__usb__device.a(usb_dc_nrfx.c.obj)
 .text.usbd_evt_alloc.part.0
                0x000000000002c5b0       0x3c zephyr/drivers/usb/device/libdrivers__usb__device.a(usb_dc_nrfx.c.obj)
 .text.hfxo_stop.constprop.0
                0x000000000002c5ec       0x48 zephyr/drivers/usb/device/libdrivers__usb__device.a(usb_dc_nrfx.c.obj)
 .text.usbd_evt_get
                0x000000000002c634       0x10 zephyr/drivers/usb/device/libdrivers__usb__device.a(usb_dc_nrfx.c.obj)
 .text.usb_init
                0x000000000002c644       0x70 zephyr/drivers/usb/device/libdrivers__usb__device.a(usb_dc_nrfx.c.obj)
 .text.eps_ctx_init
                0x000000000002c6b4       0xa4 zephyr/drivers/usb/device/libdrivers__usb__device.a(usb_dc_nrfx.c.obj)
 .text.usbd_evt_flush
                0x000000000002c758       0x1c zephyr/drivers/usb/device/libdrivers__usb__device.a(usb_dc_nrfx.c.obj)
 .text.usbd_evt_alloc
                0x000000000002c774       0x5c zephyr/drivers/usb/device/libdrivers__usb__device.a(usb_dc_nrfx.c.obj)
 .text.usb_dc_power_event_handler.part.0
                0x000000000002c7d0       0x14 zephyr/drivers/usb/device/libdrivers__usb__device.a(usb_dc_nrfx.c.obj)
 .text.usb_dc_power_event_handler
                0x000000000002c7e4       0x3c zephyr/drivers/usb/device/libdrivers__usb__device.a(usb_dc_nrfx.c.obj)
 .text.usbd_work_handler
                0x000000000002c820      0x43c zephyr/drivers/usb/device/libdrivers__usb__device.a(usb_dc_nrfx.c.obj)
 .text.usbd_event_transfer_data
                0x000000000002cc5c       0xc8 zephyr/drivers/usb/device/libdrivers__usb__device.a(usb_dc_nrfx.c.obj)
 .text.usbd_event_handler
                0x000000000002cd24      0x170 zephyr/drivers/usb/device/libdrivers__usb__device.a(usb_dc_nrfx.c.obj)
 .text.usb_dc_attach
                0x000000000002ce94       0x64 zephyr/drivers/usb/device/libdrivers__usb__device.a(usb_dc_nrfx.c.obj)
                0x000000000002ce94                usb_dc_attach
 .text.usb_dc_set_address
                0x000000000002cef8       0x5c zephyr/drivers/usb/device/libdrivers__usb__device.a(usb_dc_nrfx.c.obj)
                0x000000000002cef8                usb_dc_set_address
 .text.usb_dc_ep_check_cap
                0x000000000002cf54       0x58 zephyr/drivers/usb/device/libdrivers__usb__device.a(usb_dc_nrfx.c.obj)
                0x000000000002cf54                usb_dc_ep_check_cap
 .text.usb_dc_ep_configure
                0x000000000002cfac       0x5c zephyr/drivers/usb/device/libdrivers__usb__device.a(usb_dc_nrfx.c.obj)
                0x000000000002cfac                usb_dc_ep_configure
 .text.usb_dc_ep_set_stall
                0x000000000002d008       0x64 zephyr/drivers/usb/device/libdrivers__usb__device.a(usb_dc_nrfx.c.obj)
                0x000000000002d008                usb_dc_ep_set_stall
 .text.usb_dc_ep_clear_stall
                0x000000000002d06c       0x40 zephyr/drivers/usb/device/libdrivers__usb__device.a(usb_dc_nrfx.c.obj)
                0x000000000002d06c                usb_dc_ep_clear_stall
 .text.usb_dc_ep_is_stalled
                0x000000000002d0ac       0x38 zephyr/drivers/usb/device/libdrivers__usb__device.a(usb_dc_nrfx.c.obj)
                0x000000000002d0ac                usb_dc_ep_is_stalled
 .text.usb_dc_ep_enable
                0x000000000002d0e4       0x54 zephyr/drivers/usb/device/libdrivers__usb__device.a(usb_dc_nrfx.c.obj)
                0x000000000002d0e4                usb_dc_ep_enable
 .text.usb_dc_ep_write
                0x000000000002d138      0x114 zephyr/drivers/usb/device/libdrivers__usb__device.a(usb_dc_nrfx.c.obj)
                0x000000000002d138                usb_dc_ep_write
 .text.usb_dc_ep_read_wait
                0x000000000002d24c       0xac zephyr/drivers/usb/device/libdrivers__usb__device.a(usb_dc_nrfx.c.obj)
                0x000000000002d24c                usb_dc_ep_read_wait
 .text.usb_dc_ep_read_continue
                0x000000000002d2f8       0x9c zephyr/drivers/usb/device/libdrivers__usb__device.a(usb_dc_nrfx.c.obj)
                0x000000000002d2f8                usb_dc_ep_read_continue
 .text.usb_dc_ep_set_callback
                0x000000000002d394       0x28 zephyr/drivers/usb/device/libdrivers__usb__device.a(usb_dc_nrfx.c.obj)
                0x000000000002d394                usb_dc_ep_set_callback
 .text.usb_dc_set_status_callback
                0x000000000002d3bc        0xc zephyr/drivers/usb/device/libdrivers__usb__device.a(usb_dc_nrfx.c.obj)
                0x000000000002d3bc                usb_dc_set_status_callback
 .text.usb_dc_ep_mps
                0x000000000002d3c8       0x24 zephyr/drivers/usb/device/libdrivers__usb__device.a(usb_dc_nrfx.c.obj)
                0x000000000002d3c8                usb_dc_ep_mps
 .text.nrf52_errata_187
                0x000000000002d3ec       0x28 zephyr/drivers/usb/common/nrf_usbd_common/libdrivers__usb__common__nrf_usbd_common.a(nrf_usbd_common.c.obj)
 .text.usbd_errata_187_211_begin
                0x000000000002d414       0x3c zephyr/drivers/usb/common/nrf_usbd_common/libdrivers__usb__common__nrf_usbd_common.a(nrf_usbd_common.c.obj)
 .text.usbd_errata_187_211_end
                0x000000000002d450       0x3c zephyr/drivers/usb/common/nrf_usbd_common/libdrivers__usb__common__nrf_usbd_common.a(nrf_usbd_common.c.obj)
 .text.ep_state_access
                0x000000000002d48c       0x48 zephyr/drivers/usb/common/nrf_usbd_common/libdrivers__usb__common__nrf_usbd_common.a(nrf_usbd_common.c.obj)
 .text.ep2bit   0x000000000002d4d4       0x3c zephyr/drivers/usb/common/nrf_usbd_common/libdrivers__usb__common__nrf_usbd_common.a(nrf_usbd_common.c.obj)
 .text.usbd_dma_pending_clear
                0x000000000002d510       0x1c zephyr/drivers/usb/common/nrf_usbd_common/libdrivers__usb__common__nrf_usbd_common.a(nrf_usbd_common.c.obj)
 .text.nrf_usbd_common_uninit
                0x000000000002d52c       0x40 zephyr/drivers/usb/common/nrf_usbd_common/libdrivers__usb__common__nrf_usbd_common.a(nrf_usbd_common.c.obj)
                0x000000000002d52c                nrf_usbd_common_uninit
 .text.nrf_usbd_common_enable
                0x000000000002d56c      0x194 zephyr/drivers/usb/common/nrf_usbd_common/libdrivers__usb__common__nrf_usbd_common.a(nrf_usbd_common.c.obj)
                0x000000000002d56c                nrf_usbd_common_enable
 .text.nrf_usbd_common_start
                0x000000000002d700       0x68 zephyr/drivers/usb/common/nrf_usbd_common/libdrivers__usb__common__nrf_usbd_common.a(nrf_usbd_common.c.obj)
                0x000000000002d700                nrf_usbd_common_start
 .text.nrf_usbd_common_is_enabled
                0x000000000002d768       0x14 zephyr/drivers/usb/common/nrf_usbd_common/libdrivers__usb__common__nrf_usbd_common.a(nrf_usbd_common.c.obj)
                0x000000000002d768                nrf_usbd_common_is_enabled
 .text.nrf_usbd_common_suspend
                0x000000000002d77c       0x6c zephyr/drivers/usb/common/nrf_usbd_common/libdrivers__usb__common__nrf_usbd_common.a(nrf_usbd_common.c.obj)
                0x000000000002d77c                nrf_usbd_common_suspend
 .text.nrf_usbd_common_ep_max_packet_size_set
                0x000000000002d7e8       0xa0 zephyr/drivers/usb/common/nrf_usbd_common/libdrivers__usb__common__nrf_usbd_common.a(nrf_usbd_common.c.obj)
                0x000000000002d7e8                nrf_usbd_common_ep_max_packet_size_set
 .text.nrf_usbd_common_init
                0x000000000002d888       0xa8 zephyr/drivers/usb/common/nrf_usbd_common/libdrivers__usb__common__nrf_usbd_common.a(nrf_usbd_common.c.obj)
                0x000000000002d888                nrf_usbd_common_init
 .text.nrf_usbd_common_ep_enable_check
                0x000000000002d930       0x50 zephyr/drivers/usb/common/nrf_usbd_common/libdrivers__usb__common__nrf_usbd_common.a(nrf_usbd_common.c.obj)
                0x000000000002d930                nrf_usbd_common_ep_enable_check
 .text.nrf_usbd_common_ep_transfer
                0x000000000002d980       0xe8 zephyr/drivers/usb/common/nrf_usbd_common/libdrivers__usb__common__nrf_usbd_common.a(nrf_usbd_common.c.obj)
                0x000000000002d980                nrf_usbd_common_ep_transfer
 .text.nrf_usbd_common_epout_size_get
                0x000000000002da68       0x28 zephyr/drivers/usb/common/nrf_usbd_common/libdrivers__usb__common__nrf_usbd_common.a(nrf_usbd_common.c.obj)
                0x000000000002da68                nrf_usbd_common_epout_size_get
 .text.nrf_usbd_common_irq_handler
                0x000000000002da90      0x5d0 zephyr/drivers/usb/common/nrf_usbd_common/libdrivers__usb__common__nrf_usbd_common.a(nrf_usbd_common.c.obj)
                0x000000000002da90                nrf_usbd_common_irq_handler
 .text.nrf_usbd_common_ep_stall
                0x000000000002e060       0x3c zephyr/drivers/usb/common/nrf_usbd_common/libdrivers__usb__common__nrf_usbd_common.a(nrf_usbd_common.c.obj)
                0x000000000002e060                nrf_usbd_common_ep_stall
 .text.nrf_usbd_common_ep_stall_check
                0x000000000002e09c       0x34 zephyr/drivers/usb/common/nrf_usbd_common/libdrivers__usb__common__nrf_usbd_common.a(nrf_usbd_common.c.obj)
                0x000000000002e09c                nrf_usbd_common_ep_stall_check
 .text.nrf_usbd_common_ep_dtoggle_clear
                0x000000000002e0d0       0x40 zephyr/drivers/usb/common/nrf_usbd_common/libdrivers__usb__common__nrf_usbd_common.a(nrf_usbd_common.c.obj)
                0x000000000002e0d0                nrf_usbd_common_ep_dtoggle_clear
 .text.nrf_usbd_common_setup_get
                0x000000000002e110       0x44 zephyr/drivers/usb/common/nrf_usbd_common/libdrivers__usb__common__nrf_usbd_common.a(nrf_usbd_common.c.obj)
                0x000000000002e110                nrf_usbd_common_setup_get
 .text.nrf_usbd_common_setup_data_clear
                0x000000000002e154        0xc zephyr/drivers/usb/common/nrf_usbd_common/libdrivers__usb__common__nrf_usbd_common.a(nrf_usbd_common.c.obj)
                0x000000000002e154                nrf_usbd_common_setup_data_clear
 .text.nrf_usbd_common_setup_clear
                0x000000000002e160        0xc zephyr/drivers/usb/common/nrf_usbd_common/libdrivers__usb__common__nrf_usbd_common.a(nrf_usbd_common.c.obj)
                0x000000000002e160                nrf_usbd_common_setup_clear
 .text.nrf_usbd_common_setup_stall
                0x000000000002e16c        0xc zephyr/drivers/usb/common/nrf_usbd_common/libdrivers__usb__common__nrf_usbd_common.a(nrf_usbd_common.c.obj)
                0x000000000002e16c                nrf_usbd_common_setup_stall
 .text.nrf_usbd_common_last_setup_dir_get
                0x000000000002e178        0xc zephyr/drivers/usb/common/nrf_usbd_common/libdrivers__usb__common__nrf_usbd_common.a(nrf_usbd_common.c.obj)
                0x000000000002e178                nrf_usbd_common_last_setup_dir_get
 .text.nrf_usbd_common_transfer_out_drop
                0x000000000002e184       0x74 zephyr/drivers/usb/common/nrf_usbd_common/libdrivers__usb__common__nrf_usbd_common.a(nrf_usbd_common.c.obj)
                0x000000000002e184                nrf_usbd_common_transfer_out_drop
 .text.usbd_ep_abort
                0x000000000002e1f8      0x134 zephyr/drivers/usb/common/nrf_usbd_common/libdrivers__usb__common__nrf_usbd_common.a(nrf_usbd_common.c.obj)
 .text.nrf_usbd_common_ep_abort
                0x000000000002e32c       0x34 zephyr/drivers/usb/common/nrf_usbd_common/libdrivers__usb__common__nrf_usbd_common.a(nrf_usbd_common.c.obj)
                0x000000000002e32c                nrf_usbd_common_ep_abort
 .text.nrf_usbd_common_disable
                0x000000000002e360      0x120 zephyr/drivers/usb/common/nrf_usbd_common/libdrivers__usb__common__nrf_usbd_common.a(nrf_usbd_common.c.obj)
                0x000000000002e360                nrf_usbd_common_disable
 .text.nrf_usbd_common_ep_disable
                0x000000000002e480       0x60 zephyr/drivers/usb/common/nrf_usbd_common/libdrivers__usb__common__nrf_usbd_common.a(nrf_usbd_common.c.obj)
                0x000000000002e480                nrf_usbd_common_ep_disable
 .text.nrf_usbd_common_ep_enable
                0x000000000002e4e0       0x70 zephyr/drivers/usb/common/nrf_usbd_common/libdrivers__usb__common__nrf_usbd_common.a(nrf_usbd_common.c.obj)
                0x000000000002e4e0                nrf_usbd_common_ep_enable
 .text.nrf_usbd_common_ep_stall_clear
                0x000000000002e550       0x48 zephyr/drivers/usb/common/nrf_usbd_common/libdrivers__usb__common__nrf_usbd_common.a(nrf_usbd_common.c.obj)
                0x000000000002e550                nrf_usbd_common_ep_stall_clear
 .text.onoff_start
                0x000000000002e598       0x3c zephyr/drivers/clock_control/libdrivers__clock_control.a(clock_control_nrf.c.obj)
 .text.get_status
                0x000000000002e5d4       0x38 zephyr/drivers/clock_control/libdrivers__clock_control.a(clock_control_nrf.c.obj)
 .text.stop     0x000000000002e60c       0x78 zephyr/drivers/clock_control/libdrivers__clock_control.a(clock_control_nrf.c.obj)
 .text.onoff_stop
                0x000000000002e684       0x28 zephyr/drivers/clock_control/libdrivers__clock_control.a(clock_control_nrf.c.obj)
 .text.clk_init
                0x000000000002e6ac       0x58 zephyr/drivers/clock_control/libdrivers__clock_control.a(clock_control_nrf.c.obj)
 .text.api_blocking_start
                0x000000000002e704       0x34 zephyr/drivers/clock_control/libdrivers__clock_control.a(clock_control_nrf.c.obj)
 .text.generic_hfclk_stop
                0x000000000002e738       0x34 zephyr/drivers/clock_control/libdrivers__clock_control.a(clock_control_nrf.c.obj)
 .text.clkstarted_handle.constprop.0
                0x000000000002e76c       0x4c zephyr/drivers/clock_control/libdrivers__clock_control.a(clock_control_nrf.c.obj)
 .text.clock_event_handler
                0x000000000002e7b8       0x5c zephyr/drivers/clock_control/libdrivers__clock_control.a(clock_control_nrf.c.obj)
 .text.generic_hfclk_start
                0x000000000002e814       0x78 zephyr/drivers/clock_control/libdrivers__clock_control.a(clock_control_nrf.c.obj)
 .text.z_nrf_clock_control_get_onoff
                0x000000000002e88c       0x10 zephyr/drivers/clock_control/libdrivers__clock_control.a(clock_control_nrf.c.obj)
                0x000000000002e88c                z_nrf_clock_control_get_onoff
 .text.z_nrf_clock_control_lf_on
                0x000000000002e89c      0x13c zephyr/drivers/clock_control/libdrivers__clock_control.a(clock_control_nrf.c.obj)
                0x000000000002e89c                z_nrf_clock_control_lf_on
 .text.rtt_console_init
                0x000000000002e9d8       0x18 zephyr/drivers/console/libdrivers__console.a(rtt_console.c.obj)
 .text.rtt_console_out
                0x000000000002e9f0       0x48 zephyr/drivers/console/libdrivers__console.a(rtt_console.c.obj)
 .text.gpio_nrfx_manage_callback
                0x000000000002ea38       0xa0 zephyr/drivers/gpio/libdrivers__gpio.a(gpio_nrfx.c.obj)
 .text.nrf_gpio_pin_port_decode
                0x000000000002ead8       0x5c zephyr/drivers/gpio/libdrivers__gpio.a(gpio_nrfx.c.obj)
 .text.gpio_nrfx_pin_interrupt_configure
                0x000000000002eb34      0x128 zephyr/drivers/gpio/libdrivers__gpio.a(gpio_nrfx.c.obj)
 .text.gpio_nrfx_pin_configure
                0x000000000002ec5c      0x19c zephyr/drivers/gpio/libdrivers__gpio.a(gpio_nrfx.c.obj)
 .text.nrfx_gpio_handler
                0x000000000002edf8       0x78 zephyr/drivers/gpio/libdrivers__gpio.a(gpio_nrfx.c.obj)
 .text.gpio_nrfx_init
                0x000000000002ee70       0x48 zephyr/drivers/gpio/libdrivers__gpio.a(gpio_nrfx.c.obj)
 .text.nrf_gpio_pin_port_decode
                0x000000000002eeb8       0x5c zephyr/drivers/pinctrl/libdrivers__pinctrl.a(pinctrl_nrf.c.obj)
 .text.pinctrl_configure_pins
                0x000000000002ef14      0x1a0 zephyr/drivers/pinctrl/libdrivers__pinctrl.a(pinctrl_nrf.c.obj)
                0x000000000002ef14                pinctrl_configure_pins
 .text.uarte_nrfx_poll_out
                0x000000000002f0b4       0xac zephyr/drivers/serial/libdrivers__serial.a(uart_nrfx_uarte.c.obj)
 .text.uarte_0_init
                0x000000000002f160       0xf8 zephyr/drivers/serial/libdrivers__serial.a(uart_nrfx_uarte.c.obj)
 .text.sys_clock_timeout_handler
                0x000000000002f258       0x48 zephyr/drivers/timer/libdrivers__timer.a(nrf_rtc_timer.c.obj)
 .text.z_nrf_rtc_timer_read
                0x000000000002f2a0       0x44 zephyr/drivers/timer/libdrivers__timer.a(nrf_rtc_timer.c.obj)
                0x000000000002f2a0                z_nrf_rtc_timer_read
 .text.rtc_nrf_isr
                0x000000000002f2e4       0xd4 zephyr/drivers/timer/libdrivers__timer.a(nrf_rtc_timer.c.obj)
                0x000000000002f2e4                rtc_nrf_isr
 .text.compare_set.constprop.0.isra.0
                0x000000000002f3b8      0x154 zephyr/drivers/timer/libdrivers__timer.a(nrf_rtc_timer.c.obj)
 .text.sys_clock_driver_init
                0x000000000002f50c       0x80 zephyr/drivers/timer/libdrivers__timer.a(nrf_rtc_timer.c.obj)
 .text.sys_clock_set_timeout
                0x000000000002f58c       0x4c zephyr/drivers/timer/libdrivers__timer.a(nrf_rtc_timer.c.obj)
                0x000000000002f58c                sys_clock_set_timeout
 .text.sys_clock_elapsed
                0x000000000002f5d8       0x14 zephyr/drivers/timer/libdrivers__timer.a(nrf_rtc_timer.c.obj)
                0x000000000002f5d8                sys_clock_elapsed
 .text.sys_clock_disable
                0x000000000002f5ec       0x30 zephyr/drivers/timer/libdrivers__timer.a(nrf_rtc_timer.c.obj)
                0x000000000002f5ec                sys_clock_disable
 .text.nrf52_errata_98
                0x000000000002f61c       0x24 modules/hal_nordic/modules/hal_nordic/nrfx/libmodules__hal_nordic__nrfx.a(system_nrf52840.c.obj)
 .text.nvmc_wait
                0x000000000002f640       0x10 modules/hal_nordic/modules/hal_nordic/nrfx/libmodules__hal_nordic__nrfx.a(system_nrf52840.c.obj)
                0x000000000002f640                nvmc_wait
 .text.SystemInit
                0x000000000002f650      0x1bc modules/hal_nordic/modules/hal_nordic/nrfx/libmodules__hal_nordic__nrfx.a(system_nrf52840.c.obj)
                0x000000000002f650                SystemInit
 .text.nrfx_flag32_alloc
                0x000000000002f80c       0x48 modules/hal_nordic/modules/hal_nordic/nrfx/libmodules__hal_nordic__nrfx.a(nrfx_flag32_allocator.c.obj)
                0x000000000002f80c                nrfx_flag32_alloc
 .text.nrfx_flag32_free
                0x000000000002f854       0x40 modules/hal_nordic/modules/hal_nordic/nrfx/libmodules__hal_nordic__nrfx.a(nrfx_flag32_allocator.c.obj)
                0x000000000002f854                nrfx_flag32_free
 .text.nrfx_gppi_channels_enable
                0x000000000002f894        0xc modules/hal_nordic/modules/hal_nordic/nrfx/libmodules__hal_nordic__nrfx.a(nrfx_gppi_ppi.c.obj)
                0x000000000002f894                nrfx_gppi_channels_enable
 .text.clock_stop
                0x000000000002f8a0       0xfc modules/hal_nordic/modules/hal_nordic/nrfx/libmodules__hal_nordic__nrfx.a(nrfx_clock.c.obj)
 .text.nrfx_clock_init
                0x000000000002f99c       0x20 modules/hal_nordic/modules/hal_nordic/nrfx/libmodules__hal_nordic__nrfx.a(nrfx_clock.c.obj)
                0x000000000002f99c                nrfx_clock_init
 .text.nrfx_clock_enable
                0x000000000002f9bc       0x58 modules/hal_nordic/modules/hal_nordic/nrfx/libmodules__hal_nordic__nrfx.a(nrfx_clock.c.obj)
                0x000000000002f9bc                nrfx_clock_enable
 .text.nrfx_clock_start
                0x000000000002fa14       0xe4 modules/hal_nordic/modules/hal_nordic/nrfx/libmodules__hal_nordic__nrfx.a(nrfx_clock.c.obj)
                0x000000000002fa14                nrfx_clock_start
 .text.nrfx_clock_stop
                0x000000000002faf8       0x38 modules/hal_nordic/modules/hal_nordic/nrfx/libmodules__hal_nordic__nrfx.a(nrfx_clock.c.obj)
                0x000000000002faf8                nrfx_clock_stop
 .text.nrfx_clock_irq_handler
                0x000000000002fb30       0x9c modules/hal_nordic/modules/hal_nordic/nrfx/libmodules__hal_nordic__nrfx.a(nrfx_clock.c.obj)
                0x000000000002fb30                nrfx_clock_irq_handler
 .text.get_pin_idx
                0x000000000002fbcc       0x14 modules/hal_nordic/modules/hal_nordic/nrfx/libmodules__hal_nordic__nrfx.a(nrfx_gpiote.c.obj)
 .text.nrf_gpio_pin_port_decode
                0x000000000002fbe0       0x68 modules/hal_nordic/modules/hal_nordic/nrfx/libmodules__hal_nordic__nrfx.a(nrfx_gpiote.c.obj)
 .text.nrf_gpiote_in_event_get
                0x000000000002fc48       0x34 modules/hal_nordic/modules/hal_nordic/nrfx/libmodules__hal_nordic__nrfx.a(nrfx_gpiote.c.obj)
 .text.call_handler.constprop.0
                0x000000000002fc7c       0x40 modules/hal_nordic/modules/hal_nordic/nrfx/libmodules__hal_nordic__nrfx.a(nrfx_gpiote.c.obj)
 .text.pin_te_get.constprop.0
                0x000000000002fcbc       0x18 modules/hal_nordic/modules/hal_nordic/nrfx/libmodules__hal_nordic__nrfx.a(nrfx_gpiote.c.obj)
 .text.pin_is_output.constprop.0
                0x000000000002fcd4       0x18 modules/hal_nordic/modules/hal_nordic/nrfx/libmodules__hal_nordic__nrfx.a(nrfx_gpiote.c.obj)
 .text.pin_has_trigger.constprop.0
                0x000000000002fcec       0x1c modules/hal_nordic/modules/hal_nordic/nrfx/libmodules__hal_nordic__nrfx.a(nrfx_gpiote.c.obj)
 .text.pin_in_use_by_te.constprop.0
                0x000000000002fd08       0x18 modules/hal_nordic/modules/hal_nordic/nrfx/libmodules__hal_nordic__nrfx.a(nrfx_gpiote.c.obj)
 .text.latch_pending_read_and_check
                0x000000000002fd20       0x40 modules/hal_nordic/modules/hal_nordic/nrfx/libmodules__hal_nordic__nrfx.a(nrfx_gpiote.c.obj)
 .text.release_handler.isra.0
                0x000000000002fd60       0x80 modules/hal_nordic/modules/hal_nordic/nrfx/libmodules__hal_nordic__nrfx.a(nrfx_gpiote.c.obj)
 .text.__nrfy_internal_gpiote_events_process.constprop.0
                0x000000000002fde0       0x64 modules/hal_nordic/modules/hal_nordic/nrfx/libmodules__hal_nordic__nrfx.a(nrfx_gpiote.c.obj)
 .text.pin_uninit
                0x000000000002fe44       0x80 modules/hal_nordic/modules/hal_nordic/nrfx/libmodules__hal_nordic__nrfx.a(nrfx_gpiote.c.obj)
 .text.nrfx_gpiote_input_configure
                0x000000000002fec4      0x178 modules/hal_nordic/modules/hal_nordic/nrfx/libmodules__hal_nordic__nrfx.a(nrfx_gpiote.c.obj)
                0x000000000002fec4                nrfx_gpiote_input_configure
 .text.nrfx_gpiote_output_configure
                0x000000000003003c       0xf8 modules/hal_nordic/modules/hal_nordic/nrfx/libmodules__hal_nordic__nrfx.a(nrfx_gpiote.c.obj)
                0x000000000003003c                nrfx_gpiote_output_configure
 .text.nrfx_gpiote_global_callback_set
                0x0000000000030134        0xc modules/hal_nordic/modules/hal_nordic/nrfx/libmodules__hal_nordic__nrfx.a(nrfx_gpiote.c.obj)
                0x0000000000030134                nrfx_gpiote_global_callback_set
 .text.nrfx_gpiote_channel_get
                0x0000000000030140       0x58 modules/hal_nordic/modules/hal_nordic/nrfx/libmodules__hal_nordic__nrfx.a(nrfx_gpiote.c.obj)
                0x0000000000030140                nrfx_gpiote_channel_get
 .text.nrfx_gpiote_init
                0x0000000000030198       0x68 modules/hal_nordic/modules/hal_nordic/nrfx/libmodules__hal_nordic__nrfx.a(nrfx_gpiote.c.obj)
                0x0000000000030198                nrfx_gpiote_init
 .text.nrfx_gpiote_init_check
                0x0000000000030200       0x14 modules/hal_nordic/modules/hal_nordic/nrfx/libmodules__hal_nordic__nrfx.a(nrfx_gpiote.c.obj)
                0x0000000000030200                nrfx_gpiote_init_check
 .text.nrfx_gpiote_channel_free
                0x0000000000030214       0x10 modules/hal_nordic/modules/hal_nordic/nrfx/libmodules__hal_nordic__nrfx.a(nrfx_gpiote.c.obj)
                0x0000000000030214                nrfx_gpiote_channel_free
 .text.nrfx_gpiote_channel_alloc
                0x0000000000030224       0x10 modules/hal_nordic/modules/hal_nordic/nrfx/libmodules__hal_nordic__nrfx.a(nrfx_gpiote.c.obj)
                0x0000000000030224                nrfx_gpiote_channel_alloc
 .text.nrfx_gpiote_trigger_enable
                0x0000000000030234       0xf4 modules/hal_nordic/modules/hal_nordic/nrfx/libmodules__hal_nordic__nrfx.a(nrfx_gpiote.c.obj)
                0x0000000000030234                nrfx_gpiote_trigger_enable
 .text.nrfx_gpiote_0_irq_handler
                0x0000000000030328      0x1b0 modules/hal_nordic/modules/hal_nordic/nrfx/libmodules__hal_nordic__nrfx.a(nrfx_gpiote.c.obj)
                0x0000000000030328                nrfx_gpiote_0_irq_handler
 .text.nrfx_power_init
                0x00000000000304d8       0x94 modules/hal_nordic/modules/hal_nordic/nrfx/libmodules__hal_nordic__nrfx.a(nrfx_power.c.obj)
                0x00000000000304d8                nrfx_power_init
 .text.nrfx_power_usbevt_uninit
                0x000000000003056c       0x18 modules/hal_nordic/modules/hal_nordic/nrfx/libmodules__hal_nordic__nrfx.a(nrfx_power.c.obj)
                0x000000000003056c                nrfx_power_usbevt_uninit
 .text.nrfx_power_usbevt_init
                0x0000000000030584       0x3c modules/hal_nordic/modules/hal_nordic/nrfx/libmodules__hal_nordic__nrfx.a(nrfx_power.c.obj)
                0x0000000000030584                nrfx_power_usbevt_init
 .text.nrfx_power_irq_handler
                0x00000000000305c0      0x13c modules/hal_nordic/modules/hal_nordic/nrfx/libmodules__hal_nordic__nrfx.a(nrfx_power.c.obj)
                0x00000000000305c0                nrfx_power_irq_handler
 .text.nrfx_ppi_channel_alloc
                0x00000000000306fc        0xc modules/hal_nordic/modules/hal_nordic/nrfx/libmodules__hal_nordic__nrfx.a(nrfx_ppi.c.obj)
                0x00000000000306fc                nrfx_ppi_channel_alloc
 .text._DoInit  0x0000000000030708       0x60 modules/segger/libmodules__segger.a(SEGGER_RTT.c.obj)
 .text.SEGGER_RTT_WriteSkipNoLock
                0x0000000000030768       0x88 modules/segger/libmodules__segger.a(SEGGER_RTT.c.obj)
                0x0000000000030768                SEGGER_RTT_WriteSkipNoLock
 .text.SEGGER_RTT_WriteNoLock
                0x00000000000307f0       0x58 modules/segger/libmodules__segger.a(SEGGER_RTT.c.obj)
                0x00000000000307f0                SEGGER_RTT_WriteNoLock
 .text.SEGGER_RTT_Write
                0x0000000000030848       0x34 modules/segger/libmodules__segger.a(SEGGER_RTT.c.obj)
                0x0000000000030848                SEGGER_RTT_Write
 .text.SEGGER_RTT_HasDataUp
                0x000000000003087c       0x14 modules/segger/libmodules__segger.a(SEGGER_RTT.c.obj)
                0x000000000003087c                SEGGER_RTT_HasDataUp
 .text.SEGGER_RTT_Init
                0x0000000000030890       0x2c modules/segger/libmodules__segger.a(SEGGER_RTT.c.obj)
                0x0000000000030890                SEGGER_RTT_Init
 .text.z_device_state_init
                0x00000000000308bc       0x44 zephyr/kernel/libkernel.a(device.c.obj)
                0x00000000000308bc                z_device_state_init
 .text.k_sys_fatal_error_handler
                0x0000000000030900       0x20 zephyr/kernel/libkernel.a(fatal.c.obj)
                0x0000000000030900                k_sys_fatal_error_handler
 .text.z_fatal_error
                0x0000000000030920      0x114 zephyr/kernel/libkernel.a(fatal.c.obj)
                0x0000000000030920                z_fatal_error
 .text.z_sys_init_run_level
                0x0000000000030a34       0x30 zephyr/kernel/libkernel.a(init.c.obj)
 .text.bg_thread_main
                0x0000000000030a64      0x108 zephyr/kernel/libkernel.a(init.c.obj)
 .text.z_bss_zero
                0x0000000000030b6c       0x18 zephyr/kernel/libkernel.a(init.c.obj)
                0x0000000000030b6c                z_bss_zero
 .text.z_init_cpu
                0x0000000000030b84       0x78 zephyr/kernel/libkernel.a(init.c.obj)
                0x0000000000030b84                z_init_cpu
 .text.z_cstart
                0x0000000000030bfc       0xd4 zephyr/kernel/libkernel.a(init.c.obj)
                0x0000000000030bfc                z_cstart
 .text.init_mem_slab_obj_core_list
                0x0000000000030cd0       0x50 zephyr/kernel/libkernel.a(mem_slab.c.obj)
 .text.k_mem_slab_alloc
                0x0000000000030d20      0x118 zephyr/kernel/libkernel.a(mem_slab.c.obj)
                0x0000000000030d20                k_mem_slab_alloc
 .text.k_mem_slab_free
                0x0000000000030e38      0x178 zephyr/kernel/libkernel.a(mem_slab.c.obj)
                0x0000000000030e38                k_mem_slab_free
 .text.idle     0x0000000000030fb0       0x48 zephyr/kernel/libkernel.a(idle.c.obj)
                0x0000000000030fb0                idle
 .text.z_impl_k_mutex_lock
                0x0000000000030ff8      0x1a0 zephyr/kernel/libkernel.a(mutex.c.obj)
                0x0000000000030ff8                z_impl_k_mutex_lock
 .text.z_impl_k_mutex_unlock
                0x0000000000031198      0x1a0 zephyr/kernel/libkernel.a(mutex.c.obj)
                0x0000000000031198                z_impl_k_mutex_unlock
 .text.unpend_thread_no_timeout
                0x0000000000031338       0x40 zephyr/kernel/libkernel.a(queue.c.obj)
 .text.queue_insert
                0x0000000000031378      0x17c zephyr/kernel/libkernel.a(queue.c.obj)
 .text.z_impl_k_queue_get
                0x00000000000314f4       0xd4 zephyr/kernel/libkernel.a(queue.c.obj)
                0x00000000000314f4                z_impl_k_queue_get
 .text.unpend_thread_no_timeout
                0x00000000000315c8       0x40 zephyr/kernel/libkernel.a(sem.c.obj)
 .text.z_impl_k_sem_give
                0x0000000000031608       0xfc zephyr/kernel/libkernel.a(sem.c.obj)
                0x0000000000031608                z_impl_k_sem_give
 .text.z_impl_k_sem_take
                0x0000000000031704       0xf4 zephyr/kernel/libkernel.a(sem.c.obj)
                0x0000000000031704                z_impl_k_sem_take
 .text.work_queue_main
                0x00000000000317f8      0x208 zephyr/kernel/libkernel.a(work.c.obj)
 .text.submit_to_queue_locked
                0x0000000000031a00       0xdc zephyr/kernel/libkernel.a(work.c.obj)
 .text.work_timeout
                0x0000000000031adc       0xa8 zephyr/kernel/libkernel.a(work.c.obj)
 .text.k_work_init
                0x0000000000031b84       0x4c zephyr/kernel/libkernel.a(work.c.obj)
                0x0000000000031b84                k_work_init
 .text.z_work_submit_to_queue
                0x0000000000031bd0       0xd4 zephyr/kernel/libkernel.a(work.c.obj)
                0x0000000000031bd0                z_work_submit_to_queue
 .text.k_work_queue_start
                0x0000000000031ca4       0xe0 zephyr/kernel/libkernel.a(work.c.obj)
                0x0000000000031ca4                k_work_queue_start
 .text.k_work_init_delayable
                0x0000000000031d84       0x58 zephyr/kernel/libkernel.a(work.c.obj)
                0x0000000000031d84                k_work_init_delayable
 .text.k_work_schedule_for_queue
                0x0000000000031ddc      0x108 zephyr/kernel/libkernel.a(work.c.obj)
                0x0000000000031ddc                k_work_schedule_for_queue
 .text.z_impl_k_thread_name_set
                0x0000000000031ee4       0x20 zephyr/kernel/libkernel.a(thread.c.obj)
                0x0000000000031ee4                z_impl_k_thread_name_set
 .text.z_setup_new_thread
                0x0000000000031f04      0x104 zephyr/kernel/libkernel.a(thread.c.obj)
                0x0000000000031f04                z_setup_new_thread
 .text.z_impl_k_thread_create
                0x0000000000032008       0x8c zephyr/kernel/libkernel.a(thread.c.obj)
                0x0000000000032008                z_impl_k_thread_create
 .text.z_dummy_thread_init
                0x0000000000032094       0x1c zephyr/kernel/libkernel.a(thread.c.obj)
                0x0000000000032094                z_dummy_thread_init
 .text.z_swap_irqlock
                0x00000000000320b0       0x34 zephyr/kernel/libkernel.a(sched.c.obj)
 .text.unready_thread
                0x00000000000320e4       0xa4 zephyr/kernel/libkernel.a(sched.c.obj)
 .text.unpend_thread_no_timeout
                0x0000000000032188       0x38 zephyr/kernel/libkernel.a(sched.c.obj)
 .text.ready_thread
                0x00000000000321c0       0xd4 zephyr/kernel/libkernel.a(sched.c.obj)
 .text.move_thread_to_end_of_prio_q
                0x0000000000032294       0xf4 zephyr/kernel/libkernel.a(sched.c.obj)
                0x0000000000032294                move_thread_to_end_of_prio_q
 .text.z_ready_thread
                0x0000000000032388       0x8c zephyr/kernel/libkernel.a(sched.c.obj)
                0x0000000000032388                z_ready_thread
 .text.z_unpend_thread_no_timeout
                0x0000000000032414       0x90 zephyr/kernel/libkernel.a(sched.c.obj)
                0x0000000000032414                z_unpend_thread_no_timeout
 .text.z_sched_wake_thread
                0x00000000000324a4       0xa8 zephyr/kernel/libkernel.a(sched.c.obj)
                0x00000000000324a4                z_sched_wake_thread
 .text.z_pend_curr
                0x000000000003254c      0x10c zephyr/kernel/libkernel.a(sched.c.obj)
                0x000000000003254c                z_pend_curr
 .text.z_unpend1_no_timeout
                0x0000000000032658       0x9c zephyr/kernel/libkernel.a(sched.c.obj)
                0x0000000000032658                z_unpend1_no_timeout
 .text.z_thread_prio_set
                0x00000000000326f4      0x1ac zephyr/kernel/libkernel.a(sched.c.obj)
                0x00000000000326f4                z_thread_prio_set
 .text.z_reschedule
                0x00000000000328a0       0x8c zephyr/kernel/libkernel.a(sched.c.obj)
                0x00000000000328a0                z_reschedule
 .text.z_reschedule_irqlock
                0x000000000003292c       0x28 zephyr/kernel/libkernel.a(sched.c.obj)
                0x000000000003292c                z_reschedule_irqlock
 .text.k_sched_lock
                0x0000000000032954       0xdc zephyr/kernel/libkernel.a(sched.c.obj)
                0x0000000000032954                k_sched_lock
 .text.k_sched_unlock
                0x0000000000032a30      0x120 zephyr/kernel/libkernel.a(sched.c.obj)
                0x0000000000032a30                k_sched_unlock
 .text.z_sched_init
                0x0000000000032b50       0x10 zephyr/kernel/libkernel.a(sched.c.obj)
                0x0000000000032b50                z_sched_init
 .text.z_impl_k_yield
                0x0000000000032b60      0x120 zephyr/kernel/libkernel.a(sched.c.obj)
                0x0000000000032b60                z_impl_k_yield
 .text.z_tick_sleep
                0x0000000000032c80      0x114 zephyr/kernel/libkernel.a(sched.c.obj)
 .text.z_impl_k_sleep
                0x0000000000032d94       0x88 zephyr/kernel/libkernel.a(sched.c.obj)
                0x0000000000032d94                z_impl_k_sleep
 .text.z_impl_k_usleep
                0x0000000000032e1c       0x3c zephyr/kernel/libkernel.a(sched.c.obj)
                0x0000000000032e1c                z_impl_k_usleep
 .text.z_impl_k_wakeup
                0x0000000000032e58       0xb0 zephyr/kernel/libkernel.a(sched.c.obj)
                0x0000000000032e58                z_impl_k_wakeup
 .text.z_impl_k_sched_current_thread_query
                0x0000000000032f08        0xc zephyr/kernel/libkernel.a(sched.c.obj)
                0x0000000000032f08                z_impl_k_sched_current_thread_query
 .text.z_thread_abort
                0x0000000000032f14      0x248 zephyr/kernel/libkernel.a(sched.c.obj)
                0x0000000000032f14                z_thread_abort
 .text.z_sched_wake
                0x000000000003315c       0xbc zephyr/kernel/libkernel.a(sched.c.obj)
                0x000000000003315c                z_sched_wake
 .text.z_sched_wait
                0x0000000000033218       0x24 zephyr/kernel/libkernel.a(sched.c.obj)
                0x0000000000033218                z_sched_wait
 .text.slice_timeout
                0x000000000003323c       0x5c zephyr/kernel/libkernel.a(timeslicing.c.obj)
 .text.thread_is_sliceable
                0x0000000000033298       0x3c zephyr/kernel/libkernel.a(timeslicing.c.obj)
                0x0000000000033298                thread_is_sliceable
 .text.z_reset_time_slice
                0x00000000000332d4       0x50 zephyr/kernel/libkernel.a(timeslicing.c.obj)
                0x00000000000332d4                z_reset_time_slice
 .text.z_time_slice
                0x0000000000033324       0xc8 zephyr/kernel/libkernel.a(timeslicing.c.obj)
                0x0000000000033324                z_time_slice
 .text.z_spin_lock_valid
                0x00000000000333ec       0x1c zephyr/kernel/libkernel.a(spinlock_validate.c.obj)
                0x00000000000333ec                z_spin_lock_valid
 .text.z_spin_unlock_valid
                0x0000000000033408       0x2c zephyr/kernel/libkernel.a(spinlock_validate.c.obj)
                0x0000000000033408                z_spin_unlock_valid
 .text.z_spin_lock_set_owner
                0x0000000000033434       0x10 zephyr/kernel/libkernel.a(spinlock_validate.c.obj)
                0x0000000000033434                z_spin_lock_set_owner
 .text.z_data_copy
                0x0000000000033444       0x38 zephyr/kernel/libkernel.a(xip.c.obj)
                0x0000000000033444                z_data_copy
 .text.first    0x000000000003347c       0x10 zephyr/kernel/libkernel.a(timeout.c.obj)
 .text.elapsed  0x000000000003348c       0x14 zephyr/kernel/libkernel.a(timeout.c.obj)
 .text.remove_timeout
                0x00000000000334a0       0x38 zephyr/kernel/libkernel.a(timeout.c.obj)
 .text.z_add_timeout
                0x00000000000334d8      0x1c8 zephyr/kernel/libkernel.a(timeout.c.obj)
                0x00000000000334d8                z_add_timeout
 .text.z_abort_timeout
                0x00000000000336a0       0xbc zephyr/kernel/libkernel.a(timeout.c.obj)
                0x00000000000336a0                z_abort_timeout
 .text.sys_clock_announce
                0x000000000003375c      0x14c zephyr/kernel/libkernel.a(timeout.c.obj)
                0x000000000003375c                sys_clock_announce
 .text.sys_clock_tick_get
                0x00000000000338a8       0x9c zephyr/kernel/libkernel.a(timeout.c.obj)
                0x00000000000338a8                sys_clock_tick_get
 .text.z_timer_expiration_handler
                0x0000000000033944      0x170 zephyr/kernel/libkernel.a(timer.c.obj)
                0x0000000000033944                z_timer_expiration_handler
 .text.z_impl_k_timer_start
                0x0000000000033ab4       0xe0 zephyr/kernel/libkernel.a(timer.c.obj)
                0x0000000000033ab4                z_impl_k_timer_start
 .text.z_thread_alloc_helper
                0x0000000000033b94      0x114 zephyr/kernel/libkernel.a(mempool.c.obj)
 .text.z_thread_malloc
                0x0000000000033ca8       0x10 zephyr/kernel/libkernel.a(mempool.c.obj)
                0x0000000000033ca8                z_thread_malloc
 .text.statics_init
                0x0000000000033cb8       0x50 zephyr/kernel/libkernel.a(kheap.c.obj)
 .text.k_heap_free
                0x0000000000033d08       0xa8 zephyr/kernel/libkernel.a(kheap.c.obj)
                0x0000000000033d08                k_heap_free
 .text.k_sys_work_q_init
                0x0000000000033db0       0x2c zephyr/kernel/libkernel.a(system_work_q.c.obj)
 .text.nrf_cc3xx_platform_init_no_rng
                0x0000000000033ddc       0x38 /opt/nordic/ncs/v3.1.0/nrfxlib/crypto/nrf_cc310_platform/lib/cortex-m4/soft-float/no-interrupts/libnrf_cc310_platform_0.9.19.a(nrf_cc3xx_platform.c.obj)
                0x0000000000033ddc                nrf_cc3xx_platform_init_no_rng
 .text.nrf_cc3xx_platform_abort
                0x0000000000033e14       0x24 /opt/nordic/ncs/v3.1.0/nrfxlib/crypto/nrf_cc310_platform/lib/cortex-m4/soft-float/no-interrupts/libnrf_cc310_platform_0.9.19.a(nrf_cc3xx_platform_abort.c.obj)
 .text.CC_PalAbort
                0x0000000000033e38       0x34 /opt/nordic/ncs/v3.1.0/nrfxlib/crypto/nrf_cc310_platform/lib/cortex-m4/soft-float/no-interrupts/libnrf_cc310_platform_0.9.19.a(nrf_cc3xx_platform_abort.c.obj)
                0x0000000000033e38                CC_PalAbort
 .text.nrf_cc3xx_platform_set_abort
                0x0000000000033e6c       0x10 /opt/nordic/ncs/v3.1.0/nrfxlib/crypto/nrf_cc310_platform/lib/cortex-m4/soft-float/no-interrupts/libnrf_cc310_platform_0.9.19.a(nrf_cc3xx_platform_abort.c.obj)
                0x0000000000033e6c                nrf_cc3xx_platform_set_abort
 .text.mutex_free
                0x0000000000033e7c       0x34 /opt/nordic/ncs/v3.1.0/nrfxlib/crypto/nrf_cc310_platform/lib/cortex-m4/soft-float/no-interrupts/libnrf_cc310_platform_0.9.19.a(nrf_cc3xx_platform_mutex.c.obj)
 .text.mutex_lock
                0x0000000000033eb0       0x48 /opt/nordic/ncs/v3.1.0/nrfxlib/crypto/nrf_cc310_platform/lib/cortex-m4/soft-float/no-interrupts/libnrf_cc310_platform_0.9.19.a(nrf_cc3xx_platform_mutex.c.obj)
 .text.mutex_unlock
                0x0000000000033ef8       0x38 /opt/nordic/ncs/v3.1.0/nrfxlib/crypto/nrf_cc310_platform/lib/cortex-m4/soft-float/no-interrupts/libnrf_cc310_platform_0.9.19.a(nrf_cc3xx_platform_mutex.c.obj)
 .text.mutex_init
                0x0000000000033f30       0x20 /opt/nordic/ncs/v3.1.0/nrfxlib/crypto/nrf_cc310_platform/lib/cortex-m4/soft-float/no-interrupts/libnrf_cc310_platform_0.9.19.a(nrf_cc3xx_platform_mutex.c.obj)
 .text.nrf_cc3xx_platform_set_mutexes
                0x0000000000033f50       0x74 /opt/nordic/ncs/v3.1.0/nrfxlib/crypto/nrf_cc310_platform/lib/cortex-m4/soft-float/no-interrupts/libnrf_cc310_platform_0.9.19.a(nrf_cc3xx_platform_mutex.c.obj)
                0x0000000000033f50                nrf_cc3xx_platform_set_mutexes
 .text.CC_LibInitNoRng
                0x0000000000033fc4       0x64 /opt/nordic/ncs/v3.1.0/nrfxlib/crypto/nrf_cc310_platform/lib/cortex-m4/soft-float/no-interrupts/libnrf_cc310_platform_0.9.19.a(cc_lib.c.obj)
                0x0000000000033fc4                CC_LibInitNoRng
 .text.CC_HalInit
                0x0000000000034028        0x4 /opt/nordic/ncs/v3.1.0/nrfxlib/crypto/nrf_cc310_platform/lib/cortex-m4/soft-float/no-interrupts/libnrf_cc310_platform_0.9.19.a(cc_hal.c.obj)
                0x0000000000034028                CC_HalInit
 .text.CC_HalTerminate
                0x000000000003402c        0x4 /opt/nordic/ncs/v3.1.0/nrfxlib/crypto/nrf_cc310_platform/lib/cortex-m4/soft-float/no-interrupts/libnrf_cc310_platform_0.9.19.a(cc_hal.c.obj)
                0x000000000003402c                CC_HalTerminate
 .text.CC_HalMaskInterrupt
                0x0000000000034030        0xc /opt/nordic/ncs/v3.1.0/nrfxlib/crypto/nrf_cc310_platform/lib/cortex-m4/soft-float/no-interrupts/libnrf_cc310_platform_0.9.19.a(cc_hal.c.obj)
                0x0000000000034030                CC_HalMaskInterrupt
 .text.CC_PalInit
                0x000000000003403c       0x5c /opt/nordic/ncs/v3.1.0/nrfxlib/crypto/nrf_cc310_platform/lib/cortex-m4/soft-float/no-interrupts/libnrf_cc310_platform_0.9.19.a(cc_pal.c.obj)
                0x000000000003403c                CC_PalInit
 .text.CC_PalTerminate
                0x0000000000034098       0x34 /opt/nordic/ncs/v3.1.0/nrfxlib/crypto/nrf_cc310_platform/lib/cortex-m4/soft-float/no-interrupts/libnrf_cc310_platform_0.9.19.a(cc_pal.c.obj)
                0x0000000000034098                CC_PalTerminate
 .text.CC_PalDmaInit
                0x00000000000340cc        0x4 /opt/nordic/ncs/v3.1.0/nrfxlib/crypto/nrf_cc310_platform/lib/cortex-m4/soft-float/no-interrupts/libnrf_cc310_platform_0.9.19.a(cc_pal_dma.c.obj)
                0x00000000000340cc                CC_PalDmaInit
 .text.CC_PalDmaTerminate
                0x00000000000340d0        0x4 /opt/nordic/ncs/v3.1.0/nrfxlib/crypto/nrf_cc310_platform/lib/cortex-m4/soft-float/no-interrupts/libnrf_cc310_platform_0.9.19.a(cc_pal_dma.c.obj)
                0x00000000000340d0                CC_PalDmaTerminate
 .text.CC_PalMutexCreate
                0x00000000000340d4       0x14 /opt/nordic/ncs/v3.1.0/nrfxlib/crypto/nrf_cc310_platform/lib/cortex-m4/soft-float/no-interrupts/libnrf_cc310_platform_0.9.19.a(cc_pal_mutex.c.obj)
                0x00000000000340d4                CC_PalMutexCreate
 .text.CC_PalMutexDestroy
                0x00000000000340e8       0x14 /opt/nordic/ncs/v3.1.0/nrfxlib/crypto/nrf_cc310_platform/lib/cortex-m4/soft-float/no-interrupts/libnrf_cc310_platform_0.9.19.a(cc_pal_mutex.c.obj)
                0x00000000000340e8                CC_PalMutexDestroy
 .text.CC_PalPowerSaveModeInit
                0x00000000000340fc       0x3c /opt/nordic/ncs/v3.1.0/nrfxlib/crypto/nrf_cc310_platform/lib/cortex-m4/soft-float/no-interrupts/libnrf_cc310_platform_0.9.19.a(cc_pal_pm.c.obj)
                0x00000000000340fc                CC_PalPowerSaveModeInit
 .text.CC_PalPowerSaveModeSelect
                0x0000000000034138       0x84 /opt/nordic/ncs/v3.1.0/nrfxlib/crypto/nrf_cc310_platform/lib/cortex-m4/soft-float/no-interrupts/libnrf_cc310_platform_0.9.19.a(cc_pal_pm.c.obj)
                0x0000000000034138                CC_PalPowerSaveModeSelect
 .text.snprintf
                0x00000000000341bc       0x58 /opt/nordic/ncs/toolchains/5c0d382932/opt/zephyr-sdk/arm-zephyr-eabi/bin/../lib/gcc/../../picolibc/arm-zephyr-eabi/lib/thumb/v7e-m/nofp/libc.a(libc_tinystdio_snprintf.c.o)
                0x00000000000341bc                snprintf
 .text.__l_vfprintf
                0x0000000000034214      0x4b8 /opt/nordic/ncs/toolchains/5c0d382932/opt/zephyr-sdk/arm-zephyr-eabi/bin/../lib/gcc/../../picolibc/arm-zephyr-eabi/lib/thumb/v7e-m/nofp/libc.a(libc_tinystdio_vflprintf.c.o)
                0x0000000000034214                __l_vfprintf
 .text._OffsetAbsSyms
                0x00000000000346cc        0x2 zephyr/CMakeFiles/offsets.dir/./arch/arm/core/offsets/offsets.c.obj
                0x00000000000346cc                _OffsetAbsSyms
 .text.pump_to_roo
                0x00000000000346ce       0x18 app/libapp.a(bridge.c.obj)
 .text.bridge_lossy
                0x00000000000346e6        0x4 app/libapp.a(bridge.c.obj)
                0x00000000000346e6                bridge_lossy
 .text.chunk_field
                0x00000000000346ea       0x16 zephyr/libzephyr.a(heap.c.obj)
 .text.chunk_set
                0x0000000000034700       0x16 zephyr/libzephyr.a(heap.c.obj)
 .text.chunk_size
                0x0000000000034716        0xc zephyr/libzephyr.a(heap.c.obj)
 .text.set_chunk_used
                0x0000000000034722       0x30 zephyr/libzephyr.a(heap.c.obj)
 .text.set_chunk_size
                0x0000000000034752        0x8 zephyr/libzephyr.a(heap.c.obj)
 .text.mem_to_chunkid
                0x000000000003475a       0x14 zephyr/libzephyr.a(heap.c.obj)
 .text.bytes_to_chunksz.isra.0
                0x000000000003476e       0x12 zephyr/libzephyr.a(heap.c.obj)
 .text.bucket_idx.isra.0
                0x0000000000034780       0x18 zephyr/libzephyr.a(heap.c.obj)
 .text.free_list_remove_bidx
                0x0000000000034798       0x5c zephyr/libzephyr.a(heap.c.obj)
 .text.free_list_remove
                0x00000000000347f4       0x2e zephyr/libzephyr.a(heap.c.obj)
 .text.alloc_chunk
                0x0000000000034822       0x74 zephyr/libzephyr.a(heap.c.obj)
 .text.split_chunks
                0x0000000000034896       0x4e zephyr/libzephyr.a(heap.c.obj)
 .text.merge_chunks
                0x00000000000348e4       0x3c zephyr/libzephyr.a(heap.c.obj)
 .text.free_list_add
                0x0000000000034920       0x84 zephyr/libzephyr.a(heap.c.obj)
 .text.free_chunk
                0x00000000000349a4       0x84 zephyr/libzephyr.a(heap.c.obj)
 .text.sys_heap_alloc
                0x0000000000034a28       0x64 zephyr/libzephyr.a(heap.c.obj)
                0x0000000000034a28                sys_heap_alloc
 .text.sys_heap_noalign_alloc
                0x0000000000034a8c        0x6 zephyr/libzephyr.a(heap.c.obj)
                0x0000000000034a8c                sys_heap_noalign_alloc
 .text.cbpprintf_external
                0x0000000000034a92       0x62 zephyr/libzephyr.a(cbprintf_packaged.c.obj)
                0x0000000000034a92                cbpprintf_external
 .text.is_ptr   0x0000000000034af4       0x4a zephyr/libzephyr.a(cbprintf_packaged.c.obj)
                0x0000000000034af4                is_ptr
 .text.arch_printk_char_out
                0x0000000000034b3e        0x4 zephyr/libzephyr.a(printk.c.obj)
                0x0000000000034b3e                arch_printk_char_out
 .text.vprintk  0x0000000000034b42        0x4 zephyr/libzephyr.a(printk.c.obj)
                0x0000000000034b42                vprintk
 .text.printk   0x0000000000034b46       0x1a zephyr/libzephyr.a(printk.c.obj)
                0x0000000000034b46                printk
 .text.assert_post_action
                0x0000000000034b60       0x12 zephyr/libzephyr.a(assert.c.obj)
                0x0000000000034b60                assert_post_action
 .text.assert_print
                0x0000000000034b72       0x1a zephyr/libzephyr.a(assert.c.obj)
                0x0000000000034b72                assert_print
 .text.free_space
                0x0000000000034b8c       0x26 zephyr/libzephyr.a(mpsc_pbuf.c.obj)
 .text.get_usage
                0x0000000000034bb2       0x22 zephyr/libzephyr.a(mpsc_pbuf.c.obj)
 .text.idx_inc  0x0000000000034bd4       0x1c zephyr/libzephyr.a(mpsc_pbuf.c.obj)
 .text.rd_idx_inc
                0x0000000000034bf0       0x18 zephyr/libzephyr.a(mpsc_pbuf.c.obj)
 .text.add_skip_item
                0x0000000000034c08       0x3a zephyr/libzephyr.a(mpsc_pbuf.c.obj)
 .text.drop_item_locked
                0x0000000000034c42      0x100 zephyr/libzephyr.a(mpsc_pbuf.c.obj)
 .text.post_drop_action
                0x0000000000034d42       0x36 zephyr/libzephyr.a(mpsc_pbuf.c.obj)
 .text.max_utilization_update
                0x0000000000034d78       0x1a zephyr/libzephyr.a(mpsc_pbuf.c.obj)
 .text.sys_slist_find_and_remove
                0x0000000000034d92       0x36 zephyr/libzephyr.a(onoff.c.obj)
 .text.process_recheck
                0x0000000000034dc8       0x38 zephyr/libzephyr.a(onoff.c.obj)
 .text.validate_args
                0x0000000000034e00       0x20 zephyr/libzephyr.a(onoff.c.obj)
 .text.notify_one
                0x0000000000034e20       0x2c zephyr/libzephyr.a(onoff.c.obj)
 .text.onoff_manager_init
                0x0000000000034e4c       0x26 zephyr/libzephyr.a(onoff.c.obj)
                0x0000000000034e4c                onoff_manager_init
 .text.sys_notify_validate
                0x0000000000034e72       0x22 zephyr/libzephyr.a(notify.c.obj)
                0x0000000000034e72                sys_notify_validate
 .text.ring_buf_area_claim
                0x0000000000034e94       0x30 zephyr/libzephyr.a(ring_buffer.c.obj)
                0x0000000000034e94                ring_buf_area_claim
 .text.ring_buf_put_claim
                0x0000000000034ec4       0x1e zephyr/libzephyr.a(ring_buffer.c.obj)
 .text.ring_buf_get_claim
                0x0000000000034ee2       0x1e zephyr/libzephyr.a(ring_buffer.c.obj)
 .text.ring_buf_area_finish
                0x0000000000034f00       0x32 zephyr/libzephyr.a(ring_buffer.c.obj)
                0x0000000000034f00                ring_buf_area_finish
 .text._ConfigAbsSyms
                0x0000000000034f32        0x2 zephyr/libzephyr.a(configs.c.obj)
                0x0000000000034f32                _ConfigAbsSyms
 .text.log_msg_generic_get_wlen
                0x0000000000034f34       0x20 zephyr/libzephyr.a(log_core.c.obj)
 .text.dummy_timestamp
                0x0000000000034f54        0x4 zephyr/libzephyr.a(log_core.c.obj)
 .text.default_get_timestamp
                0x0000000000034f58        0x4 zephyr/libzephyr.a(log_core.c.obj)
 .text.atomic_inc
                0x0000000000034f5c       0x1a zephyr/libzephyr.a(log_core.c.obj)
 .text.z_log_vprintk
                0x0000000000034f76       0x1c zephyr/libzephyr.a(log_core.c.obj)
                0x0000000000034f76                z_log_vprintk
 .text.z_log_notify_drop
                0x0000000000034f92        0x6 zephyr/libzephyr.a(log_core.c.obj)
 .text.z_log_get_tag
                0x0000000000034f98        0x4 zephyr/libzephyr.a(log_core.c.obj)
                0x0000000000034f98                z_log_get_tag
 .text.log_backend_enable
                0x0000000000034f9c       0x12 zephyr/libzephyr.a(log_mgmt.c.obj)
                0x0000000000034f9c                log_backend_enable
 .text.z_cbprintf_cpy
                0x0000000000034fae       0x2c zephyr/libzephyr.a(log_msg.c.obj)
 .text.z_log_msg_finalize
                0x0000000000034fda       0x32 zephyr/libzephyr.a(log_msg.c.obj)
                0x0000000000034fda                z_log_msg_finalize
 .text.z_log_msg_simple_create
                0x000000000003500c       0x6e zephyr/libzephyr.a(log_msg.c.obj)
 .text.z_impl_z_log_msg_simple_create_0
                0x000000000003507a       0x12 zephyr/libzephyr.a(log_msg.c.obj)
                0x000000000003507a                z_impl_z_log_msg_simple_create_0
 .text.z_impl_z_log_msg_simple_create_1
                0x000000000003508c       0x14 zephyr/libzephyr.a(log_msg.c.obj)
                0x000000000003508c                z_impl_z_log_msg_simple_create_1
 .text.z_impl_z_log_msg_simple_create_2
                0x00000000000350a0       0x18 zephyr/libzephyr.a(log_msg.c.obj)
                0x00000000000350a0                z_impl_z_log_msg_simple_create_2
 .text.log_output_write
                0x00000000000350b8       0x1c zephyr/libzephyr.a(log_output.c.obj)
 .text.log_output_flush
                0x00000000000350d4       0x1a zephyr/libzephyr.a(log_output.c.obj)
 .text.cr_out_func
                0x00000000000350ee       0x1c zephyr/libzephyr.a(log_output.c.obj)
 .text.log_output_msg_process
                0x000000000003510a       0x6a zephyr/libzephyr.a(log_output.c.obj)
                0x000000000003510a                log_output_msg_process
 .text.get_ep_bm_from_addr
                0x0000000000035174       0x1c zephyr/libzephyr.a(usb_device.c.obj)
 .text.usb_write
                0x0000000000035190       0x30 zephyr/libzephyr.a(usb_device.c.obj)
                0x0000000000035190                usb_write
 .text.usb_get_dev_data_by_cfg
                0x00000000000351c0       0x18 zephyr/libzephyr.a(usb_descriptor.c.obj)
                0x00000000000351c0                usb_get_dev_data_by_cfg
 .text.usb_get_dev_data_by_iface
                0x00000000000351d8       0x1c zephyr/libzephyr.a(usb_descriptor.c.obj)
                0x00000000000351d8                usb_get_dev_data_by_iface
 .text.usb_get_dev_data_by_ep
                0x00000000000351f4       0x2c zephyr/libzephyr.a(usb_descriptor.c.obj)
                0x00000000000351f4                usb_get_dev_data_by_ep
 .text.usb_transfer_is_busy
                0x0000000000035220       0x16 zephyr/libzephyr.a(usb_transfer.c.obj)
                0x0000000000035220                usb_transfer_is_busy
 .text.cdc_interface_config
                0x0000000000035236       0x14 zephyr/libzephyr.a(cdc_acm.c.obj)
 .text.cdc_acm_irq_callback_work_handler
                0x000000000003524a        0xa zephyr/libzephyr.a(cdc_acm.c.obj)
 .text.cdc_acm_irq_tx_disable
                0x0000000000035254        0xa zephyr/libzephyr.a(cdc_acm.c.obj)
 .text.cdc_acm_irq_tx_ready
                0x000000000003525e       0x20 zephyr/libzephyr.a(cdc_acm.c.obj)
 .text.cdc_acm_irq_rx_disable
                0x000000000003527e        0xa zephyr/libzephyr.a(cdc_acm.c.obj)
 .text.cdc_acm_irq_rx_ready
                0x0000000000035288        0xe zephyr/libzephyr.a(cdc_acm.c.obj)
 .text.cdc_acm_irq_is_pending
                0x0000000000035296       0x1c zephyr/libzephyr.a(cdc_acm.c.obj)
 .text.cdc_acm_irq_callback_set
                0x00000000000352b2        0x8 zephyr/libzephyr.a(cdc_acm.c.obj)
 .text.cdc_acm_line_ctrl_get
                0x00000000000352ba       0x32 zephyr/libzephyr.a(cdc_acm.c.obj)
 .text.cdc_acm_line_ctrl_set
                0x00000000000352ec       0xbe zephyr/libzephyr.a(cdc_acm.c.obj)
 .text.cdc_acm_fifo_read
                0x00000000000353aa       0x48 zephyr/libzephyr.a(cdc_acm.c.obj)
 .text.cdc_acm_poll_in
                0x00000000000353f2       0x12 zephyr/libzephyr.a(cdc_acm.c.obj)
 .text.cdc_acm_irq_update
                0x0000000000035404       0x30 zephyr/libzephyr.a(cdc_acm.c.obj)
 .text.abort_function
                0x0000000000035434        0x8 zephyr/libzephyr.a(nrf_cc3xx_platform_abort_zephyr.c.obj)
 .text.z_do_kernel_oops
                0x000000000003543c        0x8 zephyr/arch/arch/arm/core/libarch__arm__core.a(fatal.c.obj)
                0x000000000003543c                z_do_kernel_oops
 .text.z_arm_nmi
                0x0000000000035444        0xe zephyr/arch/arch/arm/core/libarch__arm__core.a(nmi.c.obj)
                0x0000000000035444                z_arm_nmi
 .text.z_log_msg_simple_create_0.constprop.0
                0x0000000000035452        0x8 zephyr/arch/arch/arm/core/cortex_m/libarch__arm__core__cortex_m.a(fault.c.obj)
 .text.z_irq_spurious
                0x000000000003545a        0x8 zephyr/arch/arch/arm/core/cortex_m/libarch__arm__core__cortex_m.a(irq_manage.c.obj)
                0x000000000003545a                z_irq_spurious
 .text.arch_irq_unlock_outlined
                0x0000000000035462        0xe zephyr/arch/arch/arm/core/cortex_m/libarch__arm__core__cortex_m.a(thread.c.obj)
                0x0000000000035462                arch_irq_unlock_outlined
 .text.arch_cpu_idle
                0x0000000000035470       0x1a zephyr/arch/arch/arm/core/cortex_m/libarch__arm__core__cortex_m.a(cpu_idle.c.obj)
                0x0000000000035470                arch_cpu_idle
 .text.arch_cpu_atomic_idle
                0x000000000003548a       0x1e zephyr/arch/arch/arm/core/cortex_m/libarch__arm__core__cortex_m.a(cpu_idle.c.obj)
                0x000000000003548a                arch_cpu_atomic_idle
 .text.size_to_mpu_rasr_size
                0x00000000000354a8       0x20 zephyr/arch/arch/arm/core/mpu/libarch__arm__core__mpu.a(arm_mpu.c.obj)
 .text.cbputc   0x00000000000354c8        0xc zephyr/lib/libc/picolibc/liblib__libc__picolibc.a(cbprintf.c.obj)
 .text.picolibc_put
                0x00000000000354d4        0xa zephyr/lib/libc/picolibc/liblib__libc__picolibc.a(stdio.c.obj)
 .text.ep_ctx_reset
                0x00000000000354de       0x26 zephyr/drivers/usb/device/libdrivers__usb__device.a(usb_dc_nrfx.c.obj)
 .text.z_log_msg_simple_create_0
                0x0000000000035504        0x4 zephyr/drivers/usb/device/libdrivers__usb__device.a(usb_dc_nrfx.c.obj)
 .text.k_mutex_lock.constprop.0.isra.0
                0x0000000000035508        0x4 zephyr/drivers/usb/device/libdrivers__usb__device.a(usb_dc_nrfx.c.obj)
 .text.k_mutex_unlock.isra.0
                0x000000000003550c        0x4 zephyr/drivers/usb/device/libdrivers__usb__device.a(usb_dc_nrfx.c.obj)
 .text.usb_dc_ep_disable
                0x0000000000035510       0x32 zephyr/drivers/usb/device/libdrivers__usb__device.a(usb_dc_nrfx.c.obj)
                0x0000000000035510                usb_dc_ep_disable
 .text.usb_dc_ep_read
                0x0000000000035542       0x1e zephyr/drivers/usb/device/libdrivers__usb__device.a(usb_dc_nrfx.c.obj)
                0x0000000000035542                usb_dc_ep_read
 .text.nrf_usbd_common_ep_status_get
                0x0000000000035560       0x2e zephyr/drivers/usb/common/nrf_usbd_common/libdrivers__usb__common__nrf_usbd_common.a(nrf_usbd_common.c.obj)
                0x0000000000035560                nrf_usbd_common_ep_status_get
 .text.async_start
                0x000000000003558e       0x5a zephyr/drivers/clock_control/libdrivers__clock_control.a(clock_control_nrf.c.obj)
 .text.api_start
                0x00000000000355e8        0xe zephyr/drivers/clock_control/libdrivers__clock_control.a(clock_control_nrf.c.obj)
 .text.onoff_started_callback
                0x00000000000355f6        0xc zephyr/drivers/clock_control/libdrivers__clock_control.a(clock_control_nrf.c.obj)
 .text.lfclk_start
                0x0000000000035602        0x6 zephyr/drivers/clock_control/libdrivers__clock_control.a(clock_control_nrf.c.obj)
 .text.lfclk_stop
                0x0000000000035608        0x6 zephyr/drivers/clock_control/libdrivers__clock_control.a(clock_control_nrf.c.obj)
 .text.blocking_start_callback
                0x000000000003560e        0x6 zephyr/drivers/clock_control/libdrivers__clock_control.a(clock_control_nrf.c.obj)
 .text.api_stop
                0x0000000000035614        0x6 zephyr/drivers/clock_control/libdrivers__clock_control.a(clock_control_nrf.c.obj)
 .text.gpio_nrfx_port_get_raw
                0x000000000003561a        0xe zephyr/drivers/gpio/libdrivers__gpio.a(gpio_nrfx.c.obj)
 .text.gpio_nrfx_port_set_masked_raw
                0x0000000000035628       0x18 zephyr/drivers/gpio/libdrivers__gpio.a(gpio_nrfx.c.obj)
 .text.gpio_nrfx_port_set_bits_raw
                0x0000000000035640        0xc zephyr/drivers/gpio/libdrivers__gpio.a(gpio_nrfx.c.obj)